###############################################################################
#
# IAR ELF Linker V8.30.1.114/W32 for ARM                  24/Dec/2024  16:17:27
# Copyright 2007-2018 IAR Systems AB.
#
#    Output file  =  UV-RC-ReactController-TOC.out
#    Map file     =  
#        D:/liwenqin/Eclipse_8.1/TOC-U/C-Tek6000U/UV-RC-ReactController-TOC/Debug/UV-RC-ReactController-TOC.map
#    Command line =  
#        Src\Driver\OpticalDriver\AD5175Driver.o
#        Src\Driver\OpticalDriver\AD7791Collect.o
#        Src\Driver\OpticalDriver\ADS1146Collect.o
#        Src\Driver\OpticalDriver\ADS1220Driver.o
#        Src\Driver\OpticalDriver\ADS1259Driver.o
#        Src\Driver\OpticalDriver\ADS131M02Driver.o
#        Src\Driver\TempDriver\BoxFanDriver.o
#        Src\Driver\UltraSignalDriver\ChannelDriver.o Src\CmdLine\CmdLine.o
#        eCek\Console\Console.o eCek\Console\Port\OS\ConsoleScheduler.o
#        eCek\Console\Port\Driver\ConsoleUart.o FreeRTOS\croutine.o
#        Src\DncpStack\DevCmdTable.o Src\Driver\DeviceIndicatorLED.o
#        Src\DncpStack\DeviceInfo.o Src\DncpStack\DeviceStatus.o
#        Src\DncpStack\DeviceUpdate.o Src\DncpStack\DncpStack.o
#        eCek\DNCP\App\DscpController.o eCek\DNCP\App\DscpDevice.o
#        eCek\DNCP\App\OS\DscpScheduler.o eCek\DNCP\Ll\Dslp.o
#        Src\Driver\TempDriver\EnvTempCollect.o FreeRTOS\event_groups.o
#        Src\Driver\LiquidDriver\ExTMCConfigDriver.o eCek\DNCP\Base\Frame.o
#        Src\Driver\HardwareType.o FreeRTOS\portable\MemMang\heap_2.o
#        eCek\DNCP\Lai\Lai.o eCek\DNCP\Lai\Driver\LaiRS485Adapter.o
#        eCek\DNCP\Lai\LaiRS485Handler.o eCek\DNCP\Lai\OS\LaiRS485Scheduler.o
#        eCek\DNCP\Lai\Driver\LaiRS485SlaveAddr.o FreeRTOS\list.o
#        eCek\DNCP\Ll\Ll.o eCek\DNCP\Ll\Llci.o
#        Src\Driver\OpticalDriver\LTC2400Driver.o Src\main.o
#        Src\Driver\McuFlash.o eCek\Common\MessageDigest.o eCek\DNCP\Net\Net.o
#        eCek\DNCP\Net\NetPack.o Src\DncpStack\OpticalAcquirer.o
#        Src\Driver\OpticalDriver\OpticalADCollect.o
#        Src\OpticalControl\OpticalControl.o Src\DncpStack\PeristalticPump.o
#        FreeRTOS\portable\IAR\ARM_CM4F\port.o
#        FreeRTOS\portable\IAR\ARM_CM4F\portasm.o Src\PeristalticPump\Pump.o
#        Src\Driver\LiquidDriver\PumpDriver.o
#        Src\PeristalticPump\PumpEventScheduler.o
#        Src\PeristalticPump\PumpManager.o Src\Driver\LiquidDriver\PumpMap.o
#        Src\Driver\LiquidDriver\PumpTimer.o Src\Driver\TempDriver\PwmDriver.o
#        FreeRTOS\queue.o eCek\Container\Queue.o
#        Src\Driver\LiquidDriver\ReTMCConfigDriver.o eCek\Common\SafeHeap.o
#        Src\DncpStack\SolenoidValve.o startup_stm32f427x.o
#        D:\liwenqin\IAR\STM32F4_DSP_StdPeriph\STM32F4xx_StdPeriph_Driver\lib\STM32F4std_debug.a
#        Src\stm32f4xx_it.o Src\Driver\System.o eCek\Common\Port\OS\System.o
#        Src\system_stm32f4xx.o FreeRTOS\tasks.o
#        Src\Driver\TempDriver\TempADCollect.o
#        Src\Driver\TempDriver\TempCollecter.o
#        Src\TemperatureControl\TempCollecterManager.o
#        Src\Driver\TempDriver\TempCollecterMap.o
#        Src\DncpStack\TemperatureControl.o Src\TemperatureControl\Thermostat.o
#        Src\Driver\TempDriver\ThermostatDevice.o
#        Src\Driver\TempDriver\ThermostatDeviceDriver.o
#        Src\TemperatureControl\ThermostatDeviceManager.o
#        Src\Driver\TempDriver\ThermostatDeviceMap.o
#        Src\TemperatureControl\ThermostatManager.o FreeRTOS\timers.o
#        Src\PeristalticPump\TMCConfig.o
#        Src\Driver\LiquidDriver\TMCConfigDriver.o eCek\Tracer\Trace.o
#        eCek\DNCP\Net\Trp.o eCek\DNCP\Net\TrpTail.o
#        eCek\Console\UartConsoleDriver.o
#        Src\Driver\UltraSignalDriver\UltraPWMDevice.o
#        Src\Driver\UltraSignalDriver\UltraPWMDeviceDriver.o
#        Src\Driver\UltraSignalDriver\UltraPWMDeviceMap.o
#        Src\Driver\UpdateDriver.o Src\DeviceUpdate\UpdateHandle.o
#        Src\Driver\LiquidDriver\ValveDriver.o Src\SolenoidValve\ValveManager.o
#        Src\Driver\LiquidDriver\ValveMap.o Src\Manufacture\VersionInfo.o
#        Src\Driver\Watchdog.o -o UV-RC-ReactController-TOC.out --config
#        D:/liwenqin/Eclipse_8.1/TOC-U/C-Tek6000U/UV-RC-ReactController-TOC/stm32f4xx_flash.icf
#        --no_wrap_diagnostics --map
#        D:/liwenqin/Eclipse_8.1/TOC-U/C-Tek6000U/UV-RC-ReactController-TOC/Debug/UV-RC-ReactController-TOC.map
#        --semihosting
#
###############################################################################

*******************************************************************************
*** RUNTIME MODEL ATTRIBUTES
***

CppFlavor       = *
__SystemLibrary = DLib
__dlib_version  = 6


*******************************************************************************
*** HEAP SELECTION
***

The basic heap was selected because no calls to memory allocation
functions were found in the application outside of system library
functions, and there are calls to deallocation functions in the
application.


*******************************************************************************
*** PLACEMENT SUMMARY
***

"A0":  place at 0x802'0000 { ro section .intvec };
"P1":  place in [from 0x802'0000 to 0x81f'ffff] { ro };
define block CSTACK with size = 1K, alignment = 8 { };
define block HEAP with size = 512, alignment = 8 { };
"P2":  place in [from 0x2000'0000 to 0x2002'ffff] {
          rw, block CSTACK, block HEAP };
initialize by copy { rw };

  Section            Kind         Address     Size  Object
  -------            ----         -------     ----  ------
"A0":                                        0x1ac
  .intvec            ro code   0x802'0000    0x1ac  startup_stm32f427x.o [1]
                             - 0x802'01ac    0x1ac

"P1":                                      0x16034
  .text              ro code   0x802'01ac   0x1b08  CmdLine.o [6]
  .text              ro code   0x802'1cb4     0x4a  strcmp.o [37]
  .text              ro code   0x802'1cfe     0x3a  zero_init3.o [37]
  .text              ro code   0x802'1d38    0xe2c  tasks.o [2]
  .text              ro code   0x802'2b64    0x470  OpticalControl.o [15]
  .text              ro code   0x802'2fd4    0x138  TempCollecterManager.o [18]
  .text              ro code   0x802'310c     0x48  FltToDbl.o [36]
  .text              ro code   0x802'3154    0x818  Console.o [21]
  .text              ro code   0x802'396c    0x528  System.o [9]
  .text              ro code   0x802'3e94    0x178  iar_Stoulx.o [35]
  .text              ro code   0x802'400c     0x50  HardwareType.o [9]
  .text              ro code   0x802'405c    0x198  DeviceIndicatorLED.o [9]
  .text              ro code   0x802'41f4    0x3a4  UpdateHandle.o [7]
  .text              ro code   0x802'4598      0x6  ABImemclr.o [37]
  .text              ro code   0x802'459e      0xa  xsprout.o [35]
  .text              ro code   0x802'45a8    0x378  UpdateDriver.o [9]
  .text              ro code   0x802'4920    0x28c  McuFlash.o [9]
  .text              ro code   0x802'4bac    0x578  PumpManager.o [16]
  .text              ro code   0x802'5124    0x118  ValveManager.o [17]
  .text              ro code   0x802'523c      0xe  math_wrappers64.o [36]
  .rodata            const     0x802'524a      0x2  CmdLine.o [6]
  .text              ro code   0x802'524c     0x2e  DblCmpGe.o [36]
  .rodata            const     0x802'527a      0x2  CmdLine.o [6]
  .text              ro code   0x802'527c     0x68  DblToFlt.o [36]
  .text              ro code   0x802'52e4    0x6ac  ChannelDriver.o [13]
  .text              ro code   0x802'5990    0x4d4  ThermostatManager.o [18]
  .text              ro code   0x802'5e64    0x1bc  ThermostatDeviceManager.o [18]
  .text              ro code   0x802'6020    0x1a2  DblMul.o [36]
  .rodata            const     0x802'61c2      0x2  heap_2.o [4]
  .text              ro code   0x802'61c4    0x6e8  TempCollecter.o [12]
  .text              ro code   0x802'68ac    0x258  TempADCollect.o [12]
  .text              ro code   0x802'6b04     0x4c  strcpy.o [37]
  .text              ro code   0x802'6b50     0x2e  DblCmpLe.o [36]
  .text              ro code   0x802'6b80    0x2f8  BoxFanDriver.o [12]
  .text              ro code   0x802'6e78     0x1c  VersionInfo.o [14]
  .text              ro code   0x802'6e94     0x10  Trace.o [33]
  .text              ro code   0x802'6ea4    0x238  port.o [3]
  .text              ro code   0x802'70dc     0x9a  list.o [2]
  .text              ro code   0x802'7178    0x46c  timers.o [2]
  .text              ro code   0x802'75e4    0x140  heap_2.o [4]
  .text              ro code   0x802'7724     0x66  ABImemset.o [37]
  .text              ro code   0x802'778c    0x590  AD5175Driver.o [11]
  .text              ro code   0x802'7d1c    0x2c4  AD7791Collect.o [11]
  .text              ro code   0x802'7fe0    0x7cc  queue.o [2]
  .text              ro code   0x802'87ac    0x6f4  LaiRS485Handler.o [28]
  .text              ro code   0x802'8ea0     0xa6  ABImemcpy.o [37]
  .text              ro code   0x802'8f48    0x10c  DncpStack.o [8]
  .text              ro code   0x802'9054    0x178  TempCollecterMap.o [12]
  .text              ro code   0x802'91cc     0x14  EnvTempCollect.o [12]
  .text              ro code   0x802'91e0    0x118  ConsoleUart.o [22]
  .text              ro code   0x802'92f8    0x218  UartConsoleDriver.o [21]
  .text              ro code   0x802'9510     0x90  ConsoleScheduler.o [23]
  .text              ro code   0x802'95a0     0x36  strlen.o [37]
  .text              ro code   0x802'95d8     0x3a  DblToS32.o [36]
  .text              ro code   0x802'9614     0x1a  U32ToDbl.o [36]
  .text              ro code   0x802'9630     0xe2  DblSub.o [36]
  .text              ro code   0x802'9714     0x9c  misc.o [34]
  .text              ro code   0x802'97b0    0x208  stm32f4xx_rcc.o [34]
  .text              ro code   0x802'99b8     0x22  I64Shl.o [37]
  .text              ro code   0x802'99dc    0x3a4  stm32f4xx_tim.o [34]
  .text              ro code   0x802'9d80    0x230  I64DivMod.o [37]
  .text              ro code   0x802'9fb0     0x40  sprintf.o [35]
  .text              ro code   0x802'9ff0     0x58  memchr.o [37]
  .text              ro code   0x802'a048    0x16c  stm32f4xx_gpio.o [34]
  .text              ro code   0x802'a1b4     0x68  memcmp.o [37]
  .text              ro code   0x802'a21c     0x30  MessageDigest.o [19]
  .text              ro code   0x802'a24c    0x1a4  stm32f4xx_flash.o [34]
  .text              ro code   0x802'a3f0   0x106c  Pump.o [16]
  .text              ro code   0x802'b45c     0x54  ValveMap.o [10]
  .text              ro code   0x802'b4b0     0x74  ValveDriver.o [10]
  .text              ro code   0x802'b528    0x580  strto64.o [36]
  .text              ro code   0x802'baa8   0x14c8  Thermostat.o [18]
  .text              ro code   0x802'cf70     0x44  ThermostatDeviceMap.o [12]
  .text              ro code   0x802'cfb4    0x124  ThermostatDevice.o [12]
  .text              ro code   0x802'd0d8    0x246  DblDiv.o [36]
  .text              ro code   0x802'd320    0x17a  DblAdd.o [36]
  .text              ro code   0x802'd49c    0x228  stm32f4xx_dma.o [34]
  .text              ro code   0x802'd6c4    0x1f8  stm32f4xx_adc.o [34]
  CODE               ro code   0x802'd8bc     0xa8  portasm.o [3]
  .text              ro code   0x802'd964    0x23e  stm32f4xx_usart.o [34]
  .text              ro code   0x802'dba4    0x144  LaiRS485Scheduler.o [30]
  .text              ro code   0x802'dce8      0x8  LaiRS485SlaveAddr.o [29]
  .text              ro code   0x802'dcf0    0x158  LaiRS485Adapter.o [29]
  .text              ro code   0x802'de48    0x370  Dslp.o [31]
  .text              ro code   0x802'e1b8    0x5a8  Trp.o [32]
  .text              ro code   0x802'e760    0x654  DscpDevice.o [25]
  .text              ro code   0x802'edb4      0xc  Lai.o [28]
  .text              ro code   0x802'edc0     0x14  Ll.o [31]
  .text              ro code   0x802'edd4     0x14  DevCmdTable.o [8]
  .text              ro code   0x802'ede8     0x78  DscpScheduler.o [26]
  .text              ro code   0x802'ee60      0x2  I64DivZer.o [37]
  .text              ro code   0x802'ee64    0x4d0  xprintfsmall_nomb.o [35]
  .text              ro code   0x802'f334    0x384  PumpTimer.o [10]
  .text              ro code   0x802'f6b8     0x28  DblToU32.o [36]
  .text              ro code   0x802'f6e0     0x42  PumpDriver.o [10]
  .text              ro code   0x802'f724     0x34  PumpEventScheduler.o [16]
  .text              ro code   0x802'f758     0x70  frexp.o [36]
  .text              ro code   0x802'f7c8    0x13a  ldexp.o [36]
  .text              ro code   0x802'f902    0x120  iar_Stopfx.o [35]
  .text              ro code   0x802'fa24    0x1c4  iar_Stoflt.o [35]
  .text              ro code   0x802'fbe8     0x22  S32ToDbl.o [36]
  .text              ro code   0x802'fc0c    0x214  iar_Stoxflt.o [35]
  .text              ro code   0x802'fe20     0xa6  Queue.o [24]
  .text              ro code   0x802'fec6     0xac  Frame.o [27]
  .text              ro code   0x802'ff74     0x4c  NetPack.o [32]
  .text              ro code   0x802'ffc0     0x18  SafeHeap.o [19]
  .text              ro code   0x802'ffd8     0x10  System.o [20]
  .text              ro code   0x802'ffe8     0x16  strchr.o [37]
  .text              ro code   0x803'0000     0x40  xfail_s.o [35]
  .text              ro code   0x803'0040      0x6  abort.o [35]
  .text              ro code   0x803'0048     0x14  exit.o [38]
  .text              ro code   0x803'005c    0x674  DeviceInfo.o [8]
  .rodata            const     0x803'06d0    0x554  TempCollecter.o [12]
  .text              ro code   0x803'0c24    0x528  PeristalticPump.o [8]
  .text              ro code   0x803'114c    0x21e  ExTMCConfigDriver.o [10]
  .text              ro code   0x803'136c    0x21e  ReTMCConfigDriver.o [10]
  .text              ro code   0x803'158c    0x21e  TMCConfigDriver.o [10]
  .rodata            const     0x803'17ac    0x200  MessageDigest.o [19]
  .text              ro code   0x803'19ac    0x182  DeviceUpdate.o [8]
  .text              ro code   0x803'1b30    0x164  DeviceStatus.o [8]
  .text              ro code   0x803'1c94    0x164  SolenoidValve.o [8]
  .text              ro code   0x803'1df8    0x150  ADS131M02Driver.o [11]
  .text              ro code   0x803'1f48      0xc  stm32f4xx_exti.o [34]
  .text              ro code   0x803'1f54    0x14c  PwmDriver.o [12]
  .rodata            const     0x803'20a0    0x148  DevCmdTable.o [8]
  .text              ro code   0x803'21e8    0x144  system_stm32f4xx.o [5]
  .rodata            const     0x803'232c    0x120  CmdLine.o [6]
  .text              ro code   0x803'244c     0xd0  Watchdog.o [9]
  .text              ro code   0x803'251c     0x40  stm32f4xx_iwdg.o [34]
  .rodata            const     0x803'255c     0xa8  CmdLine.o [6]
  .rodata            const     0x803'2604     0x70  CmdLine.o [6]
  .rodata            const     0x803'2674     0x64  CmdLine.o [6]
  .rodata            const     0x803'26d8     0x64  McuFlash.o [9]
  .rodata            const     0x803'273c     0x64  UpdateDriver.o [9]
  .rodata            const     0x803'27a0     0x60  CmdLine.o [6]
  .rodata            const     0x803'2800     0x60  DeviceInfo.o [8]
  .text              ro code   0x803'2860     0x60  main.o [5]
  .rodata            const     0x803'28c0     0x5c  CmdLine.o [6]
  .rodata            const     0x803'291c     0x5c  Pump.o [16]
  .rodata            const     0x803'2978     0x54  CmdLine.o [6]
  .rodata            const     0x803'29cc     0x54  CmdLine.o [6]
  .rodata            const     0x803'2a20     0x50  CmdLine.o [6]
  .rodata            const     0x803'2a70     0x50  PumpManager.o [16]
  .rodata            const     0x803'2ac0     0x48  CmdLine.o [6]
  .rodata            const     0x803'2b08     0x48  OpticalControl.o [15]
  .rodata            const     0x803'2b50     0x48  Pump.o [16]
  .rodata            const     0x803'2b98     0x48  UpdateDriver.o [9]
  .rodata            const     0x803'2be0     0x48  UpdateHandle.o [7]
  .rodata            const     0x803'2c28     0x44  PumpManager.o [16]
  .rodata            const     0x803'2c6c     0x44  Thermostat.o [18]
  .rodata            const     0x803'2cb0     0x44  Thermostat.o [18]
  .rodata            const     0x803'2cf4     0x40  CmdLine.o [6]
  .rodata            const     0x803'2d34     0x40  McuFlash.o [9]
  .rodata            const     0x803'2d74     0x40  Pump.o [16]
  .rodata            const     0x803'2db4     0x40  Pump.o [16]
  .rodata            const     0x803'2df4     0x40  Pump.o [16]
  .rodata            const     0x803'2e34     0x40  Pump.o [16]
  .rodata            const     0x803'2e74     0x40  PumpManager.o [16]
  .rodata            const     0x803'2eb4     0x40  PumpManager.o [16]
  .rodata            const     0x803'2ef4     0x40  VersionInfo.o [14]
  .rodata            const     0x803'2f34     0x3c  CmdLine.o [6]
  .rodata            const     0x803'2f70     0x3c  CmdLine.o [6]
  .rodata            const     0x803'2fac     0x3c  Pump.o [16]
  .rodata            const     0x803'2fe8     0x3c  Pump.o [16]
  .rodata            const     0x803'3024     0x3c  PumpManager.o [16]
  .rodata            const     0x803'3060     0x3c  System.o [9]
  .rodata            const     0x803'309c     0x3c  System.o [9]
  .rodata            const     0x803'30d8     0x3c  Thermostat.o [18]
  .rodata            const     0x803'3114     0x38  CmdLine.o [6]
  .rodata            const     0x803'314c     0x38  CmdLine.o [6]
  .rodata            const     0x803'3184     0x38  CmdLine.o [6]
  .rodata            const     0x803'31bc     0x38  CmdLine.o [6]
  .rodata            const     0x803'31f4     0x38  Pump.o [16]
  .rodata            const     0x803'322c     0x38  Pump.o [16]
  .rodata            const     0x803'3264     0x38  Pump.o [16]
  .rodata            const     0x803'329c     0x38  PumpManager.o [16]
  .rodata            const     0x803'32d4     0x38  Thermostat.o [18]
  .rodata            const     0x803'330c     0x34  CmdLine.o [6]
  .rodata            const     0x803'3340     0x34  CmdLine.o [6]
  .rodata            const     0x803'3374     0x34  CmdLine.o [6]
  .rodata            const     0x803'33a8     0x34  CmdLine.o [6]
  .rodata            const     0x803'33dc     0x34  CmdLine.o [6]
  .rodata            const     0x803'3410     0x34  CmdLine.o [6]
  .rodata            const     0x803'3444     0x34  CmdLine.o [6]
  .rodata            const     0x803'3478     0x34  CmdLine.o [6]
  .rodata            const     0x803'34ac     0x34  CmdLine.o [6]
  .rodata            const     0x803'34e0     0x34  Pump.o [16]
  .rodata            const     0x803'3514     0x34  PumpManager.o [16]
  .rodata            const     0x803'3548     0x34  TempCollecter.o [12]
  .rodata            const     0x803'357c     0x34  TempCollecter.o [12]
  .rodata            const     0x803'35b0     0x34  TempCollecter.o [12]
  .rodata            const     0x803'35e4     0x34  TempCollecter.o [12]
  .rodata            const     0x803'3618     0x34  Thermostat.o [18]
  .rodata            const     0x803'364c     0x30  ChannelDriver.o [13]
  .rodata            const     0x803'367c     0x30  CmdLine.o [6]
  .rodata            const     0x803'36ac     0x30  CmdLine.o [6]
  .rodata            const     0x803'36dc     0x30  CmdLine.o [6]
  .rodata            const     0x803'370c     0x30  CmdLine.o [6]
  .rodata            const     0x803'373c     0x30  CmdLine.o [6]
  .rodata            const     0x803'376c     0x30  McuFlash.o [9]
  .rodata            const     0x803'379c     0x30  McuFlash.o [9]
  .rodata            const     0x803'37cc     0x30  Thermostat.o [18]
  .rodata            const     0x803'37fc     0x30  ThermostatManager.o [18]
  .rodata            const     0x803'382c     0x30  UpdateDriver.o [9]
  .rodata            const     0x803'385c     0x30  UpdateHandle.o [7]
  Initializer bytes  const     0x803'388c     0x30  <for P2-1>
  .rodata            const     0x803'38bc     0x2c  AD5175Driver.o [11]
  .rodata            const     0x803'38e8     0x2c  AD5175Driver.o [11]
  .rodata            const     0x803'3914     0x2c  AD5175Driver.o [11]
  .rodata            const     0x803'3940     0x2c  AD5175Driver.o [11]
  .rodata            const     0x803'396c     0x2c  AD5175Driver.o [11]
  .rodata            const     0x803'3998     0x2c  ChannelDriver.o [13]
  .rodata            const     0x803'39c4     0x2c  CmdLine.o [6]
  .rodata            const     0x803'39f0     0x2c  CmdLine.o [6]
  .rodata            const     0x803'3a1c     0x2c  CmdLine.o [6]
  .rodata            const     0x803'3a48     0x2c  CmdLine.o [6]
  .rodata            const     0x803'3a74     0x2c  CmdLine.o [6]
  .rodata            const     0x803'3aa0     0x2c  CmdLine.o [6]
  .rodata            const     0x803'3acc     0x2c  CmdLine.o [6]
  .rodata            const     0x803'3af8     0x2c  CmdLine.o [6]
  .rodata            const     0x803'3b24     0x2c  CmdLine.o [6]
  .rodata            const     0x803'3b50     0x2c  CmdLine.o [6]
  .rodata            const     0x803'3b7c     0x2c  CmdLine.o [6]
  .rodata            const     0x803'3ba8     0x2c  CmdLine.o [6]
  .rodata            const     0x803'3bd4     0x2c  Console.o [21]
  .rodata            const     0x803'3c00     0x2c  DeviceIndicatorLED.o [9]
  .rodata            const     0x803'3c2c     0x2c  OpticalControl.o [15]
  .rodata            const     0x803'3c58     0x2c  Pump.o [16]
  .rodata            const     0x803'3c84     0x2c  TempCollecterManager.o [18]
  .rodata            const     0x803'3cb0     0x2c  TempCollecterManager.o [18]
  .rodata            const     0x803'3cdc     0x2c  Thermostat.o [18]
  .rodata            const     0x803'3d08     0x2c  Thermostat.o [18]
  .rodata            const     0x803'3d34     0x2c  ThermostatDeviceManager.o [18]
  .rodata            const     0x803'3d60     0x2c  ThermostatDeviceManager.o [18]
  .text              ro code   0x803'3d8c     0x2c  copy_init3.o [37]
  .rodata            const     0x803'3db8     0x28  AD5175Driver.o [11]
  .rodata            const     0x803'3de0     0x28  AD5175Driver.o [11]
  .rodata            const     0x803'3e08     0x28  CmdLine.o [6]
  .rodata            const     0x803'3e30     0x28  CmdLine.o [6]
  .rodata            const     0x803'3e58     0x28  CmdLine.o [6]
  .rodata            const     0x803'3e80     0x28  CmdLine.o [6]
  .rodata            const     0x803'3ea8     0x28  CmdLine.o [6]
  .rodata            const     0x803'3ed0     0x28  CmdLine.o [6]
  .rodata            const     0x803'3ef8     0x28  CmdLine.o [6]
  .rodata            const     0x803'3f20     0x28  CmdLine.o [6]
  .rodata            const     0x803'3f48     0x28  CmdLine.o [6]
  .rodata            const     0x803'3f70     0x28  CmdLine.o [6]
  .rodata            const     0x803'3f98     0x28  Pump.o [16]
  .rodata            const     0x803'3fc0     0x28  PumpManager.o [16]
  .rodata            const     0x803'3fe8     0x28  Thermostat.o [18]
  .rodata            const     0x803'4010     0x28  ThermostatDevice.o [12]
  .rodata            const     0x803'4038     0x28  ThermostatDeviceManager.o [18]
  .rodata            const     0x803'4060     0x28  ThermostatManager.o [18]
  .rodata            const     0x803'4088     0x28  ThermostatManager.o [18]
  .text              ro code   0x803'40b0     0x28  data_init.o [37]
  .rodata            const     0x803'40d8     0x24  AD5175Driver.o [11]
  .rodata            const     0x803'40fc     0x24  CmdLine.o [6]
  .rodata            const     0x803'4120     0x24  CmdLine.o [6]
  .rodata            const     0x803'4144     0x24  CmdLine.o [6]
  .rodata            const     0x803'4168     0x24  CmdLine.o [6]
  .rodata            const     0x803'418c     0x24  CmdLine.o [6]
  .rodata            const     0x803'41b0     0x24  CmdLine.o [6]
  .rodata            const     0x803'41d4     0x24  CmdLine.o [6]
  .rodata            const     0x803'41f8     0x24  CmdLine.o [6]
  .rodata            const     0x803'421c     0x24  CmdLine.o [6]
  .rodata            const     0x803'4240     0x24  CmdLine.o [6]
  .rodata            const     0x803'4264     0x24  CmdLine.o [6]
  .rodata            const     0x803'4288     0x24  CmdLine.o [6]
  .rodata            const     0x803'42ac     0x24  CmdLine.o [6]
  .rodata            const     0x803'42d0     0x24  Console.o [21]
  .rodata            const     0x803'42f4     0x24  DscpDevice.o [25]
  .rodata            const     0x803'4318     0x24  DscpDevice.o [25]
  .rodata            const     0x803'433c     0x24  Dslp.o [31]
  .rodata            const     0x803'4360     0x24  LaiRS485Handler.o [28]
  .rodata            const     0x803'4384     0x24  McuFlash.o [9]
  .rodata            const     0x803'43a8     0x24  System.o [9]
  .rodata            const     0x803'43cc     0x24  System.o [9]
  .rodata            const     0x803'43f0     0x24  System.o [9]
  .rodata            const     0x803'4414     0x24  TempCollecter.o [12]
  .rodata            const     0x803'4438     0x24  TempCollecterMap.o [12]
  .rodata            const     0x803'445c     0x24  TempCollecterMap.o [12]
  .rodata            const     0x803'4480     0x24  Thermostat.o [18]
  .rodata            const     0x803'44a4     0x24  Thermostat.o [18]
  .rodata            const     0x803'44c8     0x24  Thermostat.o [18]
  .rodata            const     0x803'44ec     0x24  Thermostat.o [18]
  .rodata            const     0x803'4510     0x24  Thermostat.o [18]
  .rodata            const     0x803'4534     0x24  ThermostatDevice.o [12]
  .rodata            const     0x803'4558     0x24  ThermostatDevice.o [12]
  .rodata            const     0x803'457c     0x24  ThermostatDevice.o [12]
  .rodata            const     0x803'45a0     0x24  ThermostatDeviceManager.o [18]
  .rodata            const     0x803'45c4     0x24  ThermostatManager.o [18]
  .rodata            const     0x803'45e8     0x24  ThermostatManager.o [18]
  .rodata            const     0x803'460c     0x24  UpdateDriver.o [9]
  .rodata            const     0x803'4630     0x24  UpdateDriver.o [9]
  .rodata            const     0x803'4654     0x24  UpdateDriver.o [9]
  .rodata            const     0x803'4678     0x24  UpdateHandle.o [7]
  .text              ro code   0x803'469c     0x22  fpinit_M.o [36]
  .iar.init_table    const     0x803'46c0     0x24  - Linker created -
  .rodata            const     0x803'46e4     0x20  CmdLine.o [6]
  .rodata            const     0x803'4704     0x20  CmdLine.o [6]
  .rodata            const     0x803'4724     0x20  CmdLine.o [6]
  .rodata            const     0x803'4744     0x20  CmdLine.o [6]
  .rodata            const     0x803'4764     0x20  CmdLine.o [6]
  .rodata            const     0x803'4784     0x20  CmdLine.o [6]
  .rodata            const     0x803'47a4     0x20  CmdLine.o [6]
  .rodata            const     0x803'47c4     0x20  CmdLine.o [6]
  .rodata            const     0x803'47e4     0x20  CmdLine.o [6]
  .rodata            const     0x803'4804     0x20  CmdLine.o [6]
  .rodata            const     0x803'4824     0x20  CmdLine.o [6]
  .rodata            const     0x803'4844     0x20  CmdLine.o [6]
  .rodata            const     0x803'4864     0x20  CmdLine.o [6]
  .rodata            const     0x803'4884     0x20  Console.o [21]
  .rodata            const     0x803'48a4     0x20  DscpDevice.o [25]
  .rodata            const     0x803'48c4     0x20  OpticalControl.o [15]
  .rodata            const     0x803'48e4     0x20  OpticalControl.o [15]
  .rodata            const     0x803'4904     0x20  Pump.o [16]
  .rodata            const     0x803'4924     0x20  Pump.o [16]
  .rodata            const     0x803'4944     0x20  Pump.o [16]
  .rodata            const     0x803'4964     0x20  PumpManager.o [16]
  .rodata            const     0x803'4984     0x20  TempCollecterManager.o [18]
  .rodata            const     0x803'49a4     0x20  Thermostat.o [18]
  .rodata            const     0x803'49c4     0x20  Thermostat.o [18]
  .rodata            const     0x803'49e4     0x20  Thermostat.o [18]
  .rodata            const     0x803'4a04     0x20  Thermostat.o [18]
  .rodata            const     0x803'4a24     0x20  ThermostatDeviceManager.o [18]
  .rodata            const     0x803'4a44     0x20  ThermostatDeviceManager.o [18]
  .rodata            const     0x803'4a64     0x20  ThermostatManager.o [18]
  .rodata            const     0x803'4a84     0x20  UpdateDriver.o [9]
  .rodata            const     0x803'4aa4     0x20  UpdateDriver.o [9]
  .rodata            const     0x803'4ac4     0x20  UpdateHandle.o [7]
  .rodata            const     0x803'4ae4     0x20  ValveManager.o [17]
  .text              ro code   0x803'4b04     0x1e  cmain.o [37]
  .text              ro code   0x803'4b22      0x4  low_level_init.o [35]
  .text              ro code   0x803'4b26      0x4  exit.o [35]
  .text              ro code   0x803'4b2c      0xa  cexit.o [37]
  .rodata            const     0x803'4b38     0x1c  AD5175Driver.o [11]
  .rodata            const     0x803'4b54     0x1c  AD5175Driver.o [11]
  .rodata            const     0x803'4b70     0x1c  AD5175Driver.o [11]
  .rodata            const     0x803'4b8c     0x1c  AD7791Collect.o [11]
  .rodata            const     0x803'4ba8     0x1c  AD7791Collect.o [11]
  .rodata            const     0x803'4bc4     0x1c  BoxFanDriver.o [12]
  .rodata            const     0x803'4be0     0x1c  BoxFanDriver.o [12]
  .rodata            const     0x803'4bfc     0x1c  CmdLine.o [6]
  .rodata            const     0x803'4c18     0x1c  CmdLine.o [6]
  .rodata            const     0x803'4c34     0x1c  CmdLine.o [6]
  .rodata            const     0x803'4c50     0x1c  CmdLine.o [6]
  .rodata            const     0x803'4c6c     0x1c  CmdLine.o [6]
  .rodata            const     0x803'4c88     0x1c  CmdLine.o [6]
  .rodata            const     0x803'4ca4     0x1c  CmdLine.o [6]
  .rodata            const     0x803'4cc0     0x1c  CmdLine.o [6]
  .rodata            const     0x803'4cdc     0x1c  CmdLine.o [6]
  .rodata            const     0x803'4cf8     0x1c  CmdLine.o [6]
  .rodata            const     0x803'4d14     0x1c  CmdLine.o [6]
  .rodata            const     0x803'4d30     0x1c  CmdLine.o [6]
  .rodata            const     0x803'4d4c     0x1c  Console.o [21]
  .rodata            const     0x803'4d68     0x1c  Console.o [21]
  .rodata            const     0x803'4d84     0x1c  DscpDevice.o [25]
  .rodata            const     0x803'4da0     0x1c  DscpDevice.o [25]
  .rodata            const     0x803'4dbc     0x1c  DscpDevice.o [25]
  .rodata            const     0x803'4dd8     0x1c  Dslp.o [31]
  .rodata            const     0x803'4df4     0x1c  OpticalControl.o [15]
  .rodata            const     0x803'4e10     0x1c  Pump.o [16]
  .rodata            const     0x803'4e2c     0x1c  PumpTimer.o [10]
  .rodata            const     0x803'4e48     0x1c  PumpTimer.o [10]
  .rodata            const     0x803'4e64     0x1c  PumpTimer.o [10]
  .rodata            const     0x803'4e80     0x1c  PumpTimer.o [10]
  .rodata            const     0x803'4e9c     0x1c  PumpTimer.o [10]
  .rodata            const     0x803'4eb8     0x1c  PumpTimer.o [10]
  .rodata            const     0x803'4ed4     0x1c  PumpTimer.o [10]
  .rodata            const     0x803'4ef0     0x1c  PumpTimer.o [10]
  .rodata            const     0x803'4f0c     0x1c  PumpTimer.o [10]
  .rodata            const     0x803'4f28     0x1c  PumpTimer.o [10]
  .rodata            const     0x803'4f44     0x1c  PumpTimer.o [10]
  .rodata            const     0x803'4f60     0x1c  System.o [9]
  .rodata            const     0x803'4f7c     0x1c  System.o [9]
  .rodata            const     0x803'4f98     0x1c  Thermostat.o [18]
  .rodata            const     0x803'4fb4     0x1c  Thermostat.o [18]
  .rodata            const     0x803'4fd0     0x1c  Thermostat.o [18]
  .rodata            const     0x803'4fec     0x1c  Thermostat.o [18]
  .rodata            const     0x803'5008     0x1c  Thermostat.o [18]
  .rodata            const     0x803'5024     0x1c  Thermostat.o [18]
  .rodata            const     0x803'5040     0x1c  Thermostat.o [18]
  .rodata            const     0x803'505c     0x1c  ThermostatDeviceManager.o [18]
  .rodata            const     0x803'5078     0x1c  ThermostatManager.o [18]
  .rodata            const     0x803'5094     0x1c  ThermostatManager.o [18]
  .rodata            const     0x803'50b0     0x1c  UpdateDriver.o [9]
  .rodata            const     0x803'50cc     0x1c  UpdateHandle.o [7]
  .rodata            const     0x803'50e8     0x1c  ValveManager.o [17]
  .rodata            const     0x803'5104     0x18  CmdLine.o [6]
  .rodata            const     0x803'511c     0x18  CmdLine.o [6]
  .rodata            const     0x803'5134     0x18  CmdLine.o [6]
  .rodata            const     0x803'514c     0x18  CmdLine.o [6]
  .rodata            const     0x803'5164     0x18  CmdLine.o [6]
  .rodata            const     0x803'517c     0x18  CmdLine.o [6]
  .rodata            const     0x803'5194     0x18  CmdLine.o [6]
  .rodata            const     0x803'51ac     0x18  CmdLine.o [6]
  .rodata            const     0x803'51c4     0x18  CmdLine.o [6]
  .rodata            const     0x803'51dc     0x18  CmdLine.o [6]
  .rodata            const     0x803'51f4     0x18  CmdLine.o [6]
  .rodata            const     0x803'520c     0x18  CmdLine.o [6]
  .rodata            const     0x803'5224     0x18  Console.o [21]
  .rodata            const     0x803'523c     0x18  Console.o [21]
  .rodata            const     0x803'5254     0x18  Console.o [21]
  .rodata            const     0x803'526c     0x18  DeviceInfo.o [8]
  .rodata            const     0x803'5284     0x18  DeviceUpdate.o [8]
  .rodata            const     0x803'529c     0x18  DscpDevice.o [25]
  .rodata            const     0x803'52b4     0x18  PeristalticPump.o [8]
  .rodata            const     0x803'52cc     0x18  PeristalticPump.o [8]
  .rodata            const     0x803'52e4     0x18  Pump.o [16]
  .rodata            const     0x803'52fc     0x18  Pump.o [16]
  .rodata            const     0x803'5314     0x18  Pump.o [16]
  .rodata            const     0x803'532c     0x18  Pump.o [16]
  .rodata            const     0x803'5344     0x18  Pump.o [16]
  .rodata            const     0x803'535c     0x18  PumpManager.o [16]
  .rodata            const     0x803'5374     0x18  PumpManager.o [16]
  .rodata            const     0x803'538c     0x18  TempCollecter.o [12]
  .rodata            const     0x803'53a4     0x18  Thermostat.o [18]
  .rodata            const     0x803'53bc     0x18  Thermostat.o [18]
  .rodata            const     0x803'53d4     0x18  Thermostat.o [18]
  .rodata            const     0x803'53ec     0x18  Thermostat.o [18]
  .rodata            const     0x803'5404     0x18  Thermostat.o [18]
  .rodata            const     0x803'541c     0x18  Thermostat.o [18]
  .rodata            const     0x803'5434     0x18  ThermostatDeviceMap.o [12]
  .rodata            const     0x803'544c     0x18  ThermostatDeviceMap.o [12]
  .rodata            const     0x803'5464     0x18  UpdateDriver.o [9]
  .rodata            const     0x803'547c     0x18  UpdateHandle.o [7]
  .rodata            const     0x803'5494     0x18  UpdateHandle.o [7]
  .rodata            const     0x803'54ac     0x14  AD5175Driver.o [11]
  .rodata            const     0x803'54c0     0x14  CmdLine.o [6]
  .rodata            const     0x803'54d4     0x14  CmdLine.o [6]
  .rodata            const     0x803'54e8     0x14  CmdLine.o [6]
  .rodata            const     0x803'54fc     0x14  CmdLine.o [6]
  .rodata            const     0x803'5510     0x14  CmdLine.o [6]
  .rodata            const     0x803'5524     0x14  CmdLine.o [6]
  .rodata            const     0x803'5538     0x14  CmdLine.o [6]
  .rodata            const     0x803'554c     0x14  CmdLine.o [6]
  .rodata            const     0x803'5560     0x14  CmdLine.o [6]
  .rodata            const     0x803'5574     0x14  CmdLine.o [6]
  .rodata            const     0x803'5588     0x14  CmdLine.o [6]
  .rodata            const     0x803'559c     0x14  CmdLine.o [6]
  .rodata            const     0x803'55b0     0x14  CmdLine.o [6]
  .rodata            const     0x803'55c4     0x14  CmdLine.o [6]
  .rodata            const     0x803'55d8     0x14  Console.o [21]
  .rodata            const     0x803'55ec     0x14  Console.o [21]
  .rodata            const     0x803'5600     0x14  DeviceInfo.o [8]
  .rodata            const     0x803'5614     0x14  DeviceStatus.o [8]
  .rodata            const     0x803'5628     0x14  DeviceUpdate.o [8]
  .rodata            const     0x803'563c     0x14  DscpDevice.o [25]
  .rodata            const     0x803'5650     0x14  LaiRS485Handler.o [28]
  .rodata            const     0x803'5664     0x14  LaiRS485Handler.o [28]
  .rodata            const     0x803'5678     0x14  McuFlash.o [9]
  .rodata            const     0x803'568c     0x14  McuFlash.o [9]
  .rodata            const     0x803'56a0     0x14  OpticalControl.o [15]
  .rodata            const     0x803'56b4     0x14  PeristalticPump.o [8]
  .rodata            const     0x803'56c8     0x14  PeristalticPump.o [8]
  .rodata            const     0x803'56dc     0x14  PeristalticPump.o [8]
  .rodata            const     0x803'56f0     0x14  PumpManager.o [16]
  .rodata            const     0x803'5704     0x14  SolenoidValve.o [8]
  .rodata            const     0x803'5718     0x14  SolenoidValve.o [8]
  .rodata            const     0x803'572c     0x14  SolenoidValve.o [8]
  .rodata            const     0x803'5740     0x14  TempCollecter.o [12]
  .rodata            const     0x803'5754     0x14  Thermostat.o [18]
  .rodata            const     0x803'5768     0x14  Thermostat.o [18]
  .rodata            const     0x803'577c     0x14  UpdateDriver.o [9]
  .rodata            const     0x803'5790     0x14  UpdateDriver.o [9]
  .rodata            const     0x803'57a4     0x14  UpdateHandle.o [7]
  .rodata            const     0x803'57b8     0x14  ValveManager.o [17]
  .rodata            const     0x803'57cc     0x10  BoxFanDriver.o [12]
  .rodata            const     0x803'57dc     0x10  BoxFanDriver.o [12]
  .rodata            const     0x803'57ec     0x10  BoxFanDriver.o [12]
  .rodata            const     0x803'57fc     0x10  CmdLine.o [6]
  .rodata            const     0x803'580c     0x10  CmdLine.o [6]
  .rodata            const     0x803'581c     0x10  CmdLine.o [6]
  .rodata            const     0x803'582c     0x10  CmdLine.o [6]
  .rodata            const     0x803'583c     0x10  CmdLine.o [6]
  .rodata            const     0x803'584c     0x10  CmdLine.o [6]
  .rodata            const     0x803'585c     0x10  CmdLine.o [6]
  .rodata            const     0x803'586c     0x10  CmdLine.o [6]
  .rodata            const     0x803'587c     0x10  CmdLine.o [6]
  .rodata            const     0x803'588c     0x10  CmdLine.o [6]
  .rodata            const     0x803'589c     0x10  CmdLine.o [6]
  .rodata            const     0x803'58ac     0x10  CmdLine.o [6]
  .rodata            const     0x803'58bc     0x10  CmdLine.o [6]
  .rodata            const     0x803'58cc     0x10  CmdLine.o [6]
  .rodata            const     0x803'58dc     0x10  DeviceIndicatorLED.o [9]
  .rodata            const     0x803'58ec     0x10  DeviceInfo.o [8]
  .rodata            const     0x803'58fc     0x10  DeviceInfo.o [8]
  .rodata            const     0x803'590c     0x10  DeviceStatus.o [8]
  .rodata            const     0x803'591c     0x10  DeviceUpdate.o [8]
  .rodata            const     0x803'592c     0x10  DscpDevice.o [25]
  .rodata            const     0x803'593c     0x10  DscpDevice.o [25]
  .rodata            const     0x803'594c     0x10  DscpScheduler.o [26]
  .rodata            const     0x803'595c     0x10  LaiRS485Scheduler.o [30]
  .rodata            const     0x803'596c     0x10  NetPack.o [32]
  .rodata            const     0x803'597c     0x10  OpticalControl.o [15]
  .rodata            const     0x803'598c     0x10  OpticalControl.o [15]
  .rodata            const     0x803'599c     0x10  PeristalticPump.o [8]
  .rodata            const     0x803'59ac     0x10  PeristalticPump.o [8]
  .rodata            const     0x803'59bc     0x10  PeristalticPump.o [8]
  .rodata            const     0x803'59cc     0x10  PeristalticPump.o [8]
  .rodata            const     0x803'59dc     0x10  PeristalticPump.o [8]
  .rodata            const     0x803'59ec     0x10  PeristalticPump.o [8]
  .rodata            const     0x803'59fc     0x10  PeristalticPump.o [8]
  .rodata            const     0x803'5a0c     0x10  Pump.o [16]
  .rodata            const     0x803'5a1c     0x10  Pump.o [16]
  .rodata            const     0x803'5a2c     0x10  Pump.o [16]
  .rodata            const     0x803'5a3c     0x10  Pump.o [16]
  .rodata            const     0x803'5a4c     0x10  Pump.o [16]
  .rodata            const     0x803'5a5c     0x10  Pump.o [16]
  .rodata            const     0x803'5a6c     0x10  Pump.o [16]
  .rodata            const     0x803'5a7c     0x10  PumpManager.o [16]
  .rodata            const     0x803'5a8c     0x10  SolenoidValve.o [8]
  .rodata            const     0x803'5a9c     0x10  Thermostat.o [18]
  .rodata            const     0x803'5aac     0x10  Thermostat.o [18]
  .rodata            const     0x803'5abc     0x10  ThermostatManager.o [18]
  .rodata            const     0x803'5acc     0x10  ThermostatManager.o [18]
  .rodata            const     0x803'5adc     0x10  ThermostatManager.o [18]
  .rodata            const     0x803'5aec     0x10  ThermostatManager.o [18]
  .rodata            const     0x803'5afc     0x10  ThermostatManager.o [18]
  .rodata            const     0x803'5b0c     0x10  ThermostatManager.o [18]
  .rodata            const     0x803'5b1c     0x10  UpdateHandle.o [7]
  .rodata            const     0x803'5b2c     0x10  UpdateHandle.o [7]
  .rodata            const     0x803'5b3c     0x10  UpdateHandle.o [7]
  .rodata            const     0x803'5b4c     0x10  ValveManager.o [17]
  .text              ro code   0x803'5b5c     0x10  startup_stm32f427x.o [1]
  .rodata            const     0x803'5b6c      0xc  CmdLine.o [6]
  .rodata            const     0x803'5b78      0xc  CmdLine.o [6]
  .rodata            const     0x803'5b84      0xc  CmdLine.o [6]
  .rodata            const     0x803'5b90      0xc  CmdLine.o [6]
  .rodata            const     0x803'5b9c      0xc  CmdLine.o [6]
  .rodata            const     0x803'5ba8      0xc  CmdLine.o [6]
  .rodata            const     0x803'5bb4      0xc  CmdLine.o [6]
  .rodata            const     0x803'5bc0      0xc  CmdLine.o [6]
  .rodata            const     0x803'5bcc      0xc  CmdLine.o [6]
  .rodata            const     0x803'5bd8      0xc  CmdLine.o [6]
  .rodata            const     0x803'5be4      0xc  CmdLine.o [6]
  .rodata            const     0x803'5bf0      0xc  CmdLine.o [6]
  .rodata            const     0x803'5bfc      0xc  CmdLine.o [6]
  .rodata            const     0x803'5c08      0xc  CmdLine.o [6]
  .rodata            const     0x803'5c14      0xc  CmdLine.o [6]
  .rodata            const     0x803'5c20      0xc  CmdLine.o [6]
  .rodata            const     0x803'5c2c      0xc  DeviceInfo.o [8]
  .rodata            const     0x803'5c38      0xc  DeviceInfo.o [8]
  .rodata            const     0x803'5c44      0xc  DeviceInfo.o [8]
  .rodata            const     0x803'5c50      0xc  DeviceStatus.o [8]
  .rodata            const     0x803'5c5c      0xc  DeviceUpdate.o [8]
  .rodata            const     0x803'5c68      0xc  DscpDevice.o [25]
  .rodata            const     0x803'5c74      0xc  DscpDevice.o [25]
  .rodata            const     0x803'5c80      0xc  Dslp.o [31]
  .rodata            const     0x803'5c8c      0xc  ExTMCConfigDriver.o [10]
  .rodata            const     0x803'5c98      0xc  LaiRS485Handler.o [28]
  .rodata            const     0x803'5ca4      0xc  LaiRS485Handler.o [28]
  .rodata            const     0x803'5cb0      0xc  LaiRS485Scheduler.o [30]
  .rodata            const     0x803'5cbc      0xc  LaiRS485Scheduler.o [30]
  .rodata            const     0x803'5cc8      0xc  PeristalticPump.o [8]
  .rodata            const     0x803'5cd4      0xc  Pump.o [16]
  .rodata            const     0x803'5ce0      0xc  Pump.o [16]
  .rodata            const     0x803'5cec      0xc  Pump.o [16]
  .rodata            const     0x803'5cf8      0xc  PumpManager.o [16]
  .rodata            const     0x803'5d04      0xc  PumpManager.o [16]
  .rodata            const     0x803'5d10      0xc  PumpManager.o [16]
  .rodata            const     0x803'5d1c      0xc  PumpManager.o [16]
  .rodata            const     0x803'5d28      0xc  ReTMCConfigDriver.o [10]
  .rodata            const     0x803'5d34      0xc  TempCollecter.o [12]
  .rodata            const     0x803'5d40      0xc  TempCollecter.o [12]
  .rodata            const     0x803'5d4c      0xc  TempCollecterMap.o [12]
  .rodata            const     0x803'5d58      0xc  TempCollecterMap.o [12]
  .rodata            const     0x803'5d64      0xc  Thermostat.o [18]
  .rodata            const     0x803'5d70      0xc  Thermostat.o [18]
  .rodata            const     0x803'5d7c      0xc  Thermostat.o [18]
  .rodata            const     0x803'5d88      0xc  ThermostatManager.o [18]
  .rodata            const     0x803'5d94      0xc  ThermostatManager.o [18]
  .rodata            const     0x803'5da0      0xc  ThermostatManager.o [18]
  .rodata            const     0x803'5dac      0xc  ThermostatManager.o [18]
  .rodata            const     0x803'5db8      0xc  ThermostatManager.o [18]
  .rodata            const     0x803'5dc4      0xc  TMCConfigDriver.o [10]
  .rodata            const     0x803'5dd0      0xc  Trp.o [32]
  .rodata            const     0x803'5ddc      0xc  Trp.o [32]
  .rodata            const     0x803'5de8      0xc  Trp.o [32]
  .rodata            const     0x803'5df4      0xc  UpdateHandle.o [7]
  .text              ro code   0x803'5e00      0xc  stm32f4xx_it.o [5]
  .text              ro code   0x803'5e0c      0xc  cstartup_M.o [37]
  .rodata            const     0x803'5e18      0x8  CmdLine.o [6]
  .rodata            const     0x803'5e20      0x8  CmdLine.o [6]
  .rodata            const     0x803'5e28      0x8  CmdLine.o [6]
  .rodata            const     0x803'5e30      0x8  CmdLine.o [6]
  .rodata            const     0x803'5e38      0x8  CmdLine.o [6]
  .rodata            const     0x803'5e40      0x8  CmdLine.o [6]
  .rodata            const     0x803'5e48      0x8  CmdLine.o [6]
  .rodata            const     0x803'5e50      0x8  CmdLine.o [6]
  .rodata            const     0x803'5e58      0x8  CmdLine.o [6]
  .rodata            const     0x803'5e60      0x8  CmdLine.o [6]
  .rodata            const     0x803'5e68      0x8  CmdLine.o [6]
  .rodata            const     0x803'5e70      0x8  CmdLine.o [6]
  .rodata            const     0x803'5e78      0x8  CmdLine.o [6]
  .rodata            const     0x803'5e80      0x8  CmdLine.o [6]
  .rodata            const     0x803'5e88      0x8  CmdLine.o [6]
  .rodata            const     0x803'5e90      0x8  CmdLine.o [6]
  .rodata            const     0x803'5e98      0x8  CmdLine.o [6]
  .rodata            const     0x803'5ea0      0x8  CmdLine.o [6]
  .rodata            const     0x803'5ea8      0x8  CmdLine.o [6]
  .rodata            const     0x803'5eb0      0x8  CmdLine.o [6]
  .rodata            const     0x803'5eb8      0x8  CmdLine.o [6]
  .rodata            const     0x803'5ec0      0x8  CmdLine.o [6]
  .rodata            const     0x803'5ec8      0x8  CmdLine.o [6]
  .rodata            const     0x803'5ed0      0x8  CmdLine.o [6]
  .rodata            const     0x803'5ed8      0x8  CmdLine.o [6]
  .rodata            const     0x803'5ee0      0x8  CmdLine.o [6]
  .rodata            const     0x803'5ee8      0x8  CmdLine.o [6]
  .rodata            const     0x803'5ef0      0x8  CmdLine.o [6]
  .rodata            const     0x803'5ef8      0x8  CmdLine.o [6]
  .rodata            const     0x803'5f00      0x8  CmdLine.o [6]
  .rodata            const     0x803'5f08      0x8  CmdLine.o [6]
  .rodata            const     0x803'5f10      0x8  CmdLine.o [6]
  .rodata            const     0x803'5f18      0x8  CmdLine.o [6]
  .rodata            const     0x803'5f20      0x8  CmdLine.o [6]
  .rodata            const     0x803'5f28      0x8  CmdLine.o [6]
  .rodata            const     0x803'5f30      0x8  CmdLine.o [6]
  .rodata            const     0x803'5f38      0x8  CmdLine.o [6]
  .rodata            const     0x803'5f40      0x8  CmdLine.o [6]
  .rodata            const     0x803'5f48      0x8  CmdLine.o [6]
  .rodata            const     0x803'5f50      0x8  CmdLine.o [6]
  .rodata            const     0x803'5f58      0x8  CmdLine.o [6]
  .rodata            const     0x803'5f60      0x8  CmdLine.o [6]
  .rodata            const     0x803'5f68      0x8  CmdLine.o [6]
  .rodata            const     0x803'5f70      0x8  CmdLine.o [6]
  .rodata            const     0x803'5f78      0x8  CmdLine.o [6]
  .rodata            const     0x803'5f80      0x8  CmdLine.o [6]
  .rodata            const     0x803'5f88      0x8  Console.o [21]
  .rodata            const     0x803'5f90      0x8  Console.o [21]
  .rodata            const     0x803'5f98      0x8  Console.o [21]
  .rodata            const     0x803'5fa0      0x8  ConsoleScheduler.o [23]
  .rodata            const     0x803'5fa8      0x8  DeviceInfo.o [8]
  .rodata            const     0x803'5fb0      0x8  DeviceInfo.o [8]
  .rodata            const     0x803'5fb8      0x8  DeviceStatus.o [8]
  .rodata            const     0x803'5fc0      0x8  DscpDevice.o [25]
  .rodata            const     0x803'5fc8      0x8  DscpDevice.o [25]
  .rodata            const     0x803'5fd0      0x8  DscpDevice.o [25]
  .rodata            const     0x803'5fd8      0x8  OpticalControl.o [15]
  .rodata            const     0x803'5fe0      0x8  PeristalticPump.o [8]
  .rodata            const     0x803'5fe8      0x8  Pump.o [16]
  .rodata            const     0x803'5ff0      0x8  PumpManager.o [16]
  .rodata            const     0x803'5ff8      0x8  System.o [9]
  .rodata            const     0x803'6000      0x8  tasks.o [2]
  .rodata            const     0x803'6008      0x8  TempCollecterMap.o [12]
  .rodata            const     0x803'6010      0x8  Thermostat.o [18]
  .rodata            const     0x803'6018      0x8  Thermostat.o [18]
  .rodata            const     0x803'6020      0x8  Thermostat.o [18]
  .rodata            const     0x803'6028      0x8  ThermostatDeviceMap.o [12]
  .rodata            const     0x803'6030      0x8  ThermostatManager.o [18]
  .rodata            const     0x803'6038      0x8  timers.o [2]
  .rodata            const     0x803'6040      0x8  timers.o [2]
  .rodata            const     0x803'6048      0x8  Trp.o [32]
  .rodata            const     0x803'6050      0x8  Trp.o [32]
  .rodata            const     0x803'6058      0x8  Trp.o [32]
  .rodata            const     0x803'6060      0x8  Trp.o [32]
  .rodata            const     0x803'6068      0x8  Trp.o [32]
  .rodata            const     0x803'6070      0x8  Trp.o [32]
  .rodata            const     0x803'6078      0x8  UpdateDriver.o [9]
  .rodata            const     0x803'6080      0x8  UpdateHandle.o [7]
  .rodata            const     0x803'6088      0x4  CmdLine.o [6]
  .rodata            const     0x803'608c      0x4  CmdLine.o [6]
  .rodata            const     0x803'6090      0x4  CmdLine.o [6]
  .rodata            const     0x803'6094      0x4  CmdLine.o [6]
  .rodata            const     0x803'6098      0x4  Console.o [21]
  .rodata            const     0x803'609c      0x4  Console.o [21]
  .rodata            const     0x803'60a0      0x4  DevCmdTable.o [8]
  .rodata            const     0x803'60a4      0x4  NetPack.o [32]
  .rodata            const     0x803'60a8      0x4  port.o [3]
  .rodata            const     0x803'60ac      0x4  VersionInfo.o [14]
  .rodata            const     0x803'60b0      0x4  VersionInfo.o [14]
  .text              ro code   0x803'60b4      0x4  startup_stm32f427x.o [1]
  .text              ro code   0x803'60b8      0x4  startup_stm32f427x.o [1]
  .text              ro code   0x803'60bc      0x4  startup_stm32f427x.o [1]
  .text              ro code   0x803'60c0      0x4  startup_stm32f427x.o [1]
  .text              ro code   0x803'60c4      0x4  startup_stm32f427x.o [1]
  .text              ro code   0x803'60c8      0x4  startup_stm32f427x.o [1]
  .text              ro code   0x803'60cc      0x4  startup_stm32f427x.o [1]
  .text              ro code   0x803'60d0      0x4  startup_stm32f427x.o [1]
  .text              ro code   0x803'60d4      0x4  startup_stm32f427x.o [1]
  .text              ro code   0x803'60d8      0x4  startup_stm32f427x.o [1]
  .text              ro code   0x803'60dc      0x4  startup_stm32f427x.o [1]
  .text              ro code   0x803'60e0      0x4  startup_stm32f427x.o [1]
  .text              ro code   0x803'60e4      0x4  startup_stm32f427x.o [1]
  .text              ro code   0x803'60e8      0x4  startup_stm32f427x.o [1]
  .text              ro code   0x803'60ec      0x4  startup_stm32f427x.o [1]
  .text              ro code   0x803'60f0      0x4  startup_stm32f427x.o [1]
  .text              ro code   0x803'60f4      0x4  startup_stm32f427x.o [1]
  .text              ro code   0x803'60f8      0x4  startup_stm32f427x.o [1]
  .text              ro code   0x803'60fc      0x4  startup_stm32f427x.o [1]
  .text              ro code   0x803'6100      0x4  startup_stm32f427x.o [1]
  .text              ro code   0x803'6104      0x4  startup_stm32f427x.o [1]
  .text              ro code   0x803'6108      0x4  startup_stm32f427x.o [1]
  .text              ro code   0x803'610c      0x4  startup_stm32f427x.o [1]
  .text              ro code   0x803'6110      0x4  startup_stm32f427x.o [1]
  .text              ro code   0x803'6114      0x4  startup_stm32f427x.o [1]
  .text              ro code   0x803'6118      0x4  startup_stm32f427x.o [1]
  .text              ro code   0x803'611c      0x4  startup_stm32f427x.o [1]
  .text              ro code   0x803'6120      0x4  startup_stm32f427x.o [1]
  .text              ro code   0x803'6124      0x4  startup_stm32f427x.o [1]
  .text              ro code   0x803'6128      0x4  startup_stm32f427x.o [1]
  .text              ro code   0x803'612c      0x4  startup_stm32f427x.o [1]
  .text              ro code   0x803'6130      0x4  startup_stm32f427x.o [1]
  .text              ro code   0x803'6134      0x4  startup_stm32f427x.o [1]
  .text              ro code   0x803'6138      0x4  startup_stm32f427x.o [1]
  .text              ro code   0x803'613c      0x4  startup_stm32f427x.o [1]
  .text              ro code   0x803'6140      0x4  startup_stm32f427x.o [1]
  .text              ro code   0x803'6144      0x4  startup_stm32f427x.o [1]
  .text              ro code   0x803'6148      0x4  startup_stm32f427x.o [1]
  .text              ro code   0x803'614c      0x4  startup_stm32f427x.o [1]
  .text              ro code   0x803'6150      0x4  startup_stm32f427x.o [1]
  .text              ro code   0x803'6154      0x4  startup_stm32f427x.o [1]
  .text              ro code   0x803'6158      0x4  startup_stm32f427x.o [1]
  .text              ro code   0x803'615c      0x4  startup_stm32f427x.o [1]
  .text              ro code   0x803'6160      0x4  startup_stm32f427x.o [1]
  .text              ro code   0x803'6164      0x4  startup_stm32f427x.o [1]
  .text              ro code   0x803'6168      0x4  startup_stm32f427x.o [1]
  .text              ro code   0x803'616c      0x4  startup_stm32f427x.o [1]
  .text              ro code   0x803'6170      0x4  startup_stm32f427x.o [1]
  .text              ro code   0x803'6174      0x4  startup_stm32f427x.o [1]
  .text              ro code   0x803'6178      0x4  startup_stm32f427x.o [1]
  .text              ro code   0x803'617c      0x4  startup_stm32f427x.o [1]
  .text              ro code   0x803'6180      0x4  startup_stm32f427x.o [1]
  .text              ro code   0x803'6184      0x4  startup_stm32f427x.o [1]
  .text              ro code   0x803'6188      0x4  startup_stm32f427x.o [1]
  .text              ro code   0x803'618c      0x4  startup_stm32f427x.o [1]
  .text              ro code   0x803'6190      0x4  startup_stm32f427x.o [1]
  .text              ro code   0x803'6194      0x4  startup_stm32f427x.o [1]
  .text              ro code   0x803'6198      0x4  startup_stm32f427x.o [1]
  .text              ro code   0x803'619c      0x4  startup_stm32f427x.o [1]
  .text              ro code   0x803'61a0      0x4  startup_stm32f427x.o [1]
  .text              ro code   0x803'61a4      0x4  startup_stm32f427x.o [1]
  .text              ro code   0x803'61a8      0x4  startup_stm32f427x.o [1]
  .text              ro code   0x803'61ac      0x4  startup_stm32f427x.o [1]
  .text              ro code   0x803'61b0      0x4  startup_stm32f427x.o [1]
  .text              ro code   0x803'61b4      0x4  startup_stm32f427x.o [1]
  .text              ro code   0x803'61b8      0x4  startup_stm32f427x.o [1]
  .text              ro code   0x803'61bc      0x4  startup_stm32f427x.o [1]
  .text              ro code   0x803'61c0      0x4  startup_stm32f427x.o [1]
  .text              ro code   0x803'61c4      0x4  startup_stm32f427x.o [1]
  .text              ro code   0x803'61c8      0x4  startup_stm32f427x.o [1]
  .text              ro code   0x803'61cc      0x4  startup_stm32f427x.o [1]
  .text              ro code   0x803'61d0      0x4  startup_stm32f427x.o [1]
  .text              ro code   0x803'61d4      0x4  startup_stm32f427x.o [1]
  .text              ro code   0x803'61d8      0x4  startup_stm32f427x.o [1]
  .text              ro code   0x803'61dc      0x4  startup_stm32f427x.o [1]
  .rodata            const     0x803'61e0      0x0  zero_init3.o [37]
  .rodata            const     0x803'61e0      0x0  copy_init3.o [37]
                             - 0x803'61e0  0x16034

"P2", part 1 of 3:                            0x30
  P2-1                        0x2000'0000     0x30  <Init block>
    .data            inited   0x2000'0000      0x4  heap_2.o [4]
    .data            inited   0x2000'0004      0x4  port.o [3]
    .data            inited   0x2000'0008      0x4  system_stm32f4xx.o [5]
    .data            inited   0x2000'000c      0x4  tasks.o [2]
    .data            inited   0x2000'0010      0x4  ThermostatManager.o [18]
    .data            inited   0x2000'0014     0x10  stm32f4xx_rcc.o [34]
    .data            inited   0x2000'0024      0x2  BoxFanDriver.o [12]
    .data            inited   0x2000'0026      0x2  BoxFanDriver.o [12]
    .data            inited   0x2000'0028      0x2  PwmDriver.o [12]
    .data            inited   0x2000'002a      0x2  PwmDriver.o [12]
    .data            inited   0x2000'002c      0x1  AD7791Collect.o [11]
    .data            inited   0x2000'002d      0x1  BoxFanDriver.o [12]
    .data            inited   0x2000'002e      0x1  BoxFanDriver.o [12]
    .data            inited   0x2000'002f      0x1  Trace.o [33]
                            - 0x2000'0030     0x30

"P2", part 2 of 3:                          0xd700
  .bss               zero     0x2000'0030   0xb400  heap_2.o [4]
  .bss               zero     0x2000'b430    0x840  PumpManager.o [16]
  .bss               zero     0x2000'bc70    0x500  Console.o [21]
  .bss               zero     0x2000'c170    0x33c  DncpStack.o [8]
  .bss               zero     0x2000'c4ac    0x220  ThermostatManager.o [18]
  .bss               zero     0x2000'c6cc    0x208  DncpStack.o [8]
  .bss               zero     0x2000'c8d4    0x200  System.o [9]
  .bss               zero     0x2000'cad4    0x200  UartConsoleDriver.o [21]
  .bss               zero     0x2000'ccd4    0x190  McuFlash.o [9]
  .bss               zero     0x2000'ce64     0xd0  DncpStack.o [8]
  .bss               zero     0x2000'cf34     0xc8  tasks.o [2]
  .bss               zero     0x2000'cffc     0xc0  UpdateHandle.o [7]
  .bss               zero     0x2000'd0bc     0x80  Console.o [21]
  .bss               zero     0x2000'd13c     0x80  Console.o [21]
  .bss               zero     0x2000'd1bc     0x80  ThermostatDeviceManager.o [18]
  .bss               zero     0x2000'd23c     0x60  OpticalControl.o [15]
  .bss               zero     0x2000'd29c     0x58  OpticalControl.o [15]
  .bss               zero     0x2000'd2f4     0x50  TempADCollect.o [12]
  .bss               zero     0x2000'd344     0x50  TempCollecterManager.o [18]
  .bss               zero     0x2000'd394     0x40  queue.o [2]
  .bss               zero     0x2000'd3d4     0x3c  DncpStack.o [8]
  .bss               zero     0x2000'd410     0x30  Console.o [21]
  .bss               zero     0x2000'd440     0x24  PumpEventScheduler.o [16]
  .bss               zero     0x2000'd464     0x24  ThermostatDeviceMap.o [12]
  .bss               zero     0x2000'd488     0x18  OpticalControl.o [15]
  .bss               zero     0x2000'd4a0     0x18  ValveManager.o [17]
  .bss               zero     0x2000'd4b8     0x14  tasks.o [2]
  .bss               zero     0x2000'd4cc     0x14  tasks.o [2]
  .bss               zero     0x2000'd4e0     0x14  tasks.o [2]
  .bss               zero     0x2000'd4f4     0x14  tasks.o [2]
  .bss               zero     0x2000'd508     0x14  tasks.o [2]
  .bss               zero     0x2000'd51c     0x14  TempCollecterMap.o [12]
  .bss               zero     0x2000'd530     0x14  ThermostatManager.o [18]
  .bss               zero     0x2000'd544     0x14  timers.o [2]
  .bss               zero     0x2000'd558     0x14  timers.o [2]
  .bss               zero     0x2000'd56c     0x10  ADS131M02Driver.o [11]
  .bss               zero     0x2000'd57c     0x10  ThermostatManager.o [18]
  .bss               zero     0x2000'd58c     0x10  UartConsoleDriver.o [21]
  .bss               zero     0x2000'd59c      0xc  ADS131M02Driver.o [11]
  .bss               zero     0x2000'd5a8      0x8  ExTMCConfigDriver.o [10]
  .bss               zero     0x2000'd5b0      0x8  ExTMCConfigDriver.o [10]
  .bss               zero     0x2000'd5b8      0x8  heap_2.o [4]
  .bss               zero     0x2000'd5c0      0x8  heap_2.o [4]
  .bss               zero     0x2000'd5c8      0x8  ReTMCConfigDriver.o [10]
  .bss               zero     0x2000'd5d0      0x8  ReTMCConfigDriver.o [10]
  .bss               zero     0x2000'd5d8      0x8  TMCConfigDriver.o [10]
  .bss               zero     0x2000'd5e0      0x8  TMCConfigDriver.o [10]
  .bss               zero     0x2000'd5e8      0x4  ADS131M02Driver.o [11]
  .bss               zero     0x2000'd5ec      0x4  CmdLine.o [6]
  .bss               zero     0x2000'd5f0      0x4  Console.o [21]
  .bss               zero     0x2000'd5f4      0x4  ConsoleScheduler.o [23]
  .bss               zero     0x2000'd5f8      0x4  ConsoleScheduler.o [23]
  .bss               zero     0x2000'd5fc      0x4  DeviceIndicatorLED.o [9]
  .bss               zero     0x2000'd600      0x4  DeviceIndicatorLED.o [9]
  .bss               zero     0x2000'd604      0x4  DeviceIndicatorLED.o [9]
  .bss               zero     0x2000'd608      0x4  DscpDevice.o [25]
  .bss               zero     0x2000'd60c      0x4  DscpScheduler.o [26]
  .bss               zero     0x2000'd610      0x4  DscpScheduler.o [26]
  .bss               zero     0x2000'd614      0x4  Dslp.o [31]
  .bss               zero     0x2000'd618      0x4  ExTMCConfigDriver.o [10]
  .bss               zero     0x2000'd61c      0x4  heap_2.o [4]
  .bss               zero     0x2000'd620      0x4  LaiRS485Handler.o [28]
  .bss               zero     0x2000'd624      0x4  LaiRS485Handler.o [28]
  .bss               zero     0x2000'd628      0x4  LaiRS485Handler.o [28]
  .bss               zero     0x2000'd62c      0x4  LaiRS485Handler.o [28]
  .bss               zero     0x2000'd630      0x4  LaiRS485Scheduler.o [30]
  .bss               zero     0x2000'd634      0x4  LaiRS485Scheduler.o [30]
  .bss               zero     0x2000'd638      0x4  LaiRS485Scheduler.o [30]
  .bss               zero     0x2000'd63c      0x4  LaiRS485Scheduler.o [30]
  .bss               zero     0x2000'd640      0x4  port.o [3]
  .bss               zero     0x2000'd644      0x4  PumpTimer.o [10]
  .bss               zero     0x2000'd648      0x4  PumpTimer.o [10]
  .bss               zero     0x2000'd64c      0x4  PumpTimer.o [10]
  .bss               zero     0x2000'd650      0x4  PumpTimer.o [10]
  .bss               zero     0x2000'd654      0x4  PumpTimer.o [10]
  .bss               zero     0x2000'd658      0x4  PumpTimer.o [10]
  .bss               zero     0x2000'd65c      0x4  PumpTimer.o [10]
  .bss               zero     0x2000'd660      0x4  PumpTimer.o [10]
  .bss               zero     0x2000'd664      0x4  PumpTimer.o [10]
  .bss               zero     0x2000'd668      0x4  PumpTimer.o [10]
  .bss               zero     0x2000'd66c      0x4  PumpTimer.o [10]
  .bss               zero     0x2000'd670      0x4  PumpTimer.o [10]
  .bss               zero     0x2000'd674      0x4  PwmDriver.o [12]
  .bss               zero     0x2000'd678      0x4  PwmDriver.o [12]
  .bss               zero     0x2000'd67c      0x4  PwmDriver.o [12]
  .bss               zero     0x2000'd680      0x4  PwmDriver.o [12]
  .bss               zero     0x2000'd684      0x4  ReTMCConfigDriver.o [10]
  .bss               zero     0x2000'd688      0x4  tasks.o [2]
  .bss               zero     0x2000'd68c      0x4  tasks.o [2]
  .bss               zero     0x2000'd690      0x4  tasks.o [2]
  .bss               zero     0x2000'd694      0x4  tasks.o [2]
  .bss               zero     0x2000'd698      0x4  tasks.o [2]
  .bss               zero     0x2000'd69c      0x4  tasks.o [2]
  .bss               zero     0x2000'd6a0      0x4  tasks.o [2]
  .bss               zero     0x2000'd6a4      0x4  tasks.o [2]
  .bss               zero     0x2000'd6a8      0x4  tasks.o [2]
  .bss               zero     0x2000'd6ac      0x4  tasks.o [2]
  .bss               zero     0x2000'd6b0      0x4  tasks.o [2]
  .bss               zero     0x2000'd6b4      0x4  tasks.o [2]
  .bss               zero     0x2000'd6b8      0x4  tasks.o [2]
  .bss               zero     0x2000'd6bc      0x4  tasks.o [2]
  .bss               zero     0x2000'd6c0      0x4  tasks.o [2]
  .bss               zero     0x2000'd6c4      0x4  ThermostatManager.o [18]
  .bss               zero     0x2000'd6c8      0x4  ThermostatManager.o [18]
  .bss               zero     0x2000'd6cc      0x4  timers.o [2]
  .bss               zero     0x2000'd6d0      0x4  timers.o [2]
  .bss               zero     0x2000'd6d4      0x4  timers.o [2]
  .bss               zero     0x2000'd6d8      0x4  timers.o [2]
  .bss               zero     0x2000'd6dc      0x4  TMCConfigDriver.o [10]
  .bss               zero     0x2000'd6e0      0x4  Trp.o [32]
  .bss               zero     0x2000'd6e4      0x4  UpdateHandle.o [7]
  .bss               zero     0x2000'd6e8      0x4  UpdateHandle.o [7]
  .bss               zero     0x2000'd6ec      0x4  UpdateHandle.o [7]
  .bss               zero     0x2000'd6f0      0x4  ValveManager.o [17]
  .bss               zero     0x2000'd6f4      0x4  xfail_s.o [35]
  .bss               zero     0x2000'd6f8      0x2  CmdLine.o [6]
  .bss               zero     0x2000'd6fa      0x2  DeviceIndicatorLED.o [9]
  .bss               zero     0x2000'd6fc      0x2  DeviceIndicatorLED.o [9]
  .bss               zero     0x2000'd6fe      0x2  DeviceIndicatorLED.o [9]
  .bss               zero     0x2000'd700      0x2  PwmDriver.o [12]
  .bss               zero     0x2000'd702      0x2  PwmDriver.o [12]
  .bss               zero     0x2000'd704      0x2  PwmDriver.o [12]
  .bss               zero     0x2000'd706      0x2  PwmDriver.o [12]
  .bss               zero     0x2000'd708      0x2  System.o [9]
  .bss               zero     0x2000'd70a      0x2  UpdateHandle.o [7]
  .bss               zero     0x2000'd70c      0x1  ADS131M02Driver.o [11]
  .bss               zero     0x2000'd70d      0x1  BoxFanDriver.o [12]
  .bss               zero     0x2000'd70e      0x1  BoxFanDriver.o [12]
  .bss               zero     0x2000'd70f      0x1  CmdLine.o [6]
  .bss               zero     0x2000'd710      0x1  Console.o [21]
  .bss               zero     0x2000'd711      0x1  Console.o [21]
  .bss               zero     0x2000'd712      0x1  Console.o [21]
  .bss               zero     0x2000'd713      0x1  Console.o [21]
  .bss               zero     0x2000'd714      0x1  Console.o [21]
  .bss               zero     0x2000'd715      0x1  DeviceIndicatorLED.o [9]
  .bss               zero     0x2000'd716      0x1  ExTMCConfigDriver.o [10]
  .bss               zero     0x2000'd717      0x1  ExTMCConfigDriver.o [10]
  .bss               zero     0x2000'd718      0x1  ExTMCConfigDriver.o [10]
  .bss               zero     0x2000'd719      0x1  ExTMCConfigDriver.o [10]
  .bss               zero     0x2000'd71a      0x1  ExTMCConfigDriver.o [10]
  .bss               zero     0x2000'd71b      0x1  port.o [3]
  .bss               zero     0x2000'd71c      0x1  PwmDriver.o [12]
  .bss               zero     0x2000'd71d      0x1  PwmDriver.o [12]
  .bss               zero     0x2000'd71e      0x1  ReTMCConfigDriver.o [10]
  .bss               zero     0x2000'd71f      0x1  ReTMCConfigDriver.o [10]
  .bss               zero     0x2000'd720      0x1  ReTMCConfigDriver.o [10]
  .bss               zero     0x2000'd721      0x1  ReTMCConfigDriver.o [10]
  .bss               zero     0x2000'd722      0x1  ReTMCConfigDriver.o [10]
  .bss               zero     0x2000'd723      0x1  TempCollecter.o [12]
  .bss               zero     0x2000'd724      0x1  TMCConfigDriver.o [10]
  .bss               zero     0x2000'd725      0x1  TMCConfigDriver.o [10]
  .bss               zero     0x2000'd726      0x1  TMCConfigDriver.o [10]
  .bss               zero     0x2000'd727      0x1  TMCConfigDriver.o [10]
  .bss               zero     0x2000'd728      0x1  TMCConfigDriver.o [10]
  .bss               zero     0x2000'd729      0x1  UartConsoleDriver.o [21]
  .bss               zero     0x2000'd72a      0x1  UpdateHandle.o [7]
  .bss               zero     0x2000'd72b      0x1  UpdateHandle.o [7]
  .bss               zero     0x2000'd72c      0x1  UpdateHandle.o [7]
                            - 0x2000'd72d   0xd6fd

"P2", part 3 of 3:                           0x400
  CSTACK                      0x2000'd730    0x400  <Block>
    CSTACK           uninit   0x2000'd730    0x400  <Block tail>
                            - 0x2000'db30    0x400

Unused ranges:

         From           To       Size
         ----           --       ----
   0x803'61e0   0x81f'ffff  0x1c'9e20
  0x2000'db30  0x2002'ffff   0x2'24d0


*******************************************************************************
*** INIT TABLE
***

          Address      Size
          -------      ----
Zero (__iar_zero_init3)
    1 destination range, total size 0xd6fd:
          0x2000'0030  0xd6fd

Copy (__iar_copy_init3)
    1 source range, total size 0x30:
           0x803'388c    0x30
    1 destination range, total size 0x30:
          0x2000'0000    0x30



*******************************************************************************
*** MODULE SUMMARY
***

    Module                     ro code  ro data  rw data
    ------                     -------  -------  -------
command line/config:
    ----------------------------------------------------
    Total:

D:\liwenqin\Eclipse_8.1\TOC-U\C-Tek6000U\UV-RC-ReactController-TOC\Debug: [1]
    startup_stm32f427x.o           744
    ----------------------------------------------------
    Total:                         744

D:\liwenqin\Eclipse_8.1\TOC-U\C-Tek6000U\UV-RC-ReactController-TOC\Debug\FreeRTOS: [2]
    list.o                         154
    queue.o                      1 996                64
    tasks.o                      3 628       12      364
    timers.o                     1 132       16       56
    ----------------------------------------------------
    Total:                       6 910       28      484

D:\liwenqin\Eclipse_8.1\TOC-U\C-Tek6000U\UV-RC-ReactController-TOC\Debug\FreeRTOS\portable\IAR\ARM_CM4F: [3]
    port.o                         568        8        9
    portasm.o                      168
    ----------------------------------------------------
    Total:                         736        8        9

D:\liwenqin\Eclipse_8.1\TOC-U\C-Tek6000U\UV-RC-ReactController-TOC\Debug\FreeRTOS\portable\MemMang: [4]
    heap_2.o                       320        6   46 104
    ----------------------------------------------------
    Total:                         320        6   46 104

D:\liwenqin\Eclipse_8.1\TOC-U\C-Tek6000U\UV-RC-ReactController-TOC\Debug\Src: [5]
    main.o                          96
    stm32f4xx_it.o                  12
    system_stm32f4xx.o             324        4        4
    ----------------------------------------------------
    Total:                         432        4        4

D:\liwenqin\Eclipse_8.1\TOC-U\C-Tek6000U\UV-RC-ReactController-TOC\Debug\Src\CmdLine: [6]
    CmdLine.o                    6 920    5 812        7
    ----------------------------------------------------
    Total:                       6 920    5 812        7

D:\liwenqin\Eclipse_8.1\TOC-U\C-Tek6000U\UV-RC-ReactController-TOC\Debug\Src\DeviceUpdate: [7]
    UpdateHandle.o                 932      352      209
    ----------------------------------------------------
    Total:                         932      352      209

D:\liwenqin\Eclipse_8.1\TOC-U\C-Tek6000U\UV-RC-ReactController-TOC\Debug\Src\DncpStack: [8]
    DevCmdTable.o                   20      332
    DeviceInfo.o                 1 652      224
    DeviceStatus.o                 356       56
    DeviceUpdate.o                 386       72
    DncpStack.o                    268             1 616
    PeristalticPump.o            1 320      240
    SolenoidValve.o                356       76
    ----------------------------------------------------
    Total:                       4 358    1 000    1 616

D:\liwenqin\Eclipse_8.1\TOC-U\C-Tek6000U\UV-RC-ReactController-TOC\Debug\Src\Driver: [9]
    DeviceIndicatorLED.o           408       60       19
    HardwareType.o                  80
    McuFlash.o                     652      336      400
    System.o                     1 320      292      514
    UpdateDriver.o                 888      492
    Watchdog.o                     208
    ----------------------------------------------------
    Total:                       3 556    1 180      933

D:\liwenqin\Eclipse_8.1\TOC-U\C-Tek6000U\UV-RC-ReactController-TOC\Debug\Src\Driver\LiquidDriver: [10]
    ExTMCConfigDriver.o            542       12       25
    PumpDriver.o                    66
    PumpTimer.o                    900      308       48
    ReTMCConfigDriver.o            542       12       25
    TMCConfigDriver.o              542       12       25
    ValveDriver.o                  116
    ValveMap.o                      84
    ----------------------------------------------------
    Total:                       2 792      344      123

D:\liwenqin\Eclipse_8.1\TOC-U\C-Tek6000U\UV-RC-ReactController-TOC\Debug\Src\Driver\OpticalDriver: [11]
    AD5175Driver.o               1 424      440
    AD7791Collect.o                708       57        1
    ADS131M02Driver.o              336                33
    ----------------------------------------------------
    Total:                       2 468      497       34

D:\liwenqin\Eclipse_8.1\TOC-U\C-Tek6000U\UV-RC-ReactController-TOC\Debug\Src\Driver\TempDriver: [12]
    BoxFanDriver.o                 760      110        8
    EnvTempCollect.o                20
    PwmDriver.o                    332        4       30
    TempADCollect.o                600                80
    TempCollecter.o              1 768    1 676        1
    TempCollecterMap.o             376      104       20
    ThermostatDevice.o             292      148
    ThermostatDeviceMap.o           68       56       36
    ----------------------------------------------------
    Total:                       4 216    2 098      175

D:\liwenqin\Eclipse_8.1\TOC-U\C-Tek6000U\UV-RC-ReactController-TOC\Debug\Src\Driver\UltraSignalDriver: [13]
    ChannelDriver.o              1 708       92
    ----------------------------------------------------
    Total:                       1 708       92

D:\liwenqin\Eclipse_8.1\TOC-U\C-Tek6000U\UV-RC-ReactController-TOC\Debug\Src\Manufacture: [14]
    VersionInfo.o                   28       72
    ----------------------------------------------------
    Total:                          28       72

D:\liwenqin\Eclipse_8.1\TOC-U\C-Tek6000U\UV-RC-ReactController-TOC\Debug\Src\OpticalControl: [15]
    OpticalControl.o             1 136      268      208
    ----------------------------------------------------
    Total:                       1 136      268      208

D:\liwenqin\Eclipse_8.1\TOC-U\C-Tek6000U\UV-RC-ReactController-TOC\Debug\Src\PeristalticPump: [16]
    Pump.o                       4 204    1 244
    PumpEventScheduler.o            52                36
    PumpManager.o                1 400      656    2 112
    ----------------------------------------------------
    Total:                       5 656    1 900    2 148

D:\liwenqin\Eclipse_8.1\TOC-U\C-Tek6000U\UV-RC-ReactController-TOC\Debug\Src\SolenoidValve: [17]
    ValveManager.o                 280       96       28
    ----------------------------------------------------
    Total:                         280       96       28

D:\liwenqin\Eclipse_8.1\TOC-U\C-Tek6000U\UV-RC-ReactController-TOC\Debug\Src\TemperatureControl: [18]
    TempCollecterManager.o         312      120       80
    Thermostat.o                 5 320    1 260
    ThermostatDeviceManager.o      444      256      128
    ThermostatManager.o          1 236      456      592
    ----------------------------------------------------
    Total:                       7 312    2 092      800

D:\liwenqin\Eclipse_8.1\TOC-U\C-Tek6000U\UV-RC-ReactController-TOC\Debug\eCek\Common: [19]
    MessageDigest.o                 48      512
    SafeHeap.o                      24
    ----------------------------------------------------
    Total:                          72      512

D:\liwenqin\Eclipse_8.1\TOC-U\C-Tek6000U\UV-RC-ReactController-TOC\Debug\eCek\Common\Port\OS: [20]
    System.o                        16
    ----------------------------------------------------
    Total:                          16

D:\liwenqin\Eclipse_8.1\TOC-U\C-Tek6000U\UV-RC-ReactController-TOC\Debug\eCek\Console: [21]
    Console.o                    2 072      312    1 593
    UartConsoleDriver.o            536               529
    ----------------------------------------------------
    Total:                       2 608      312    2 122

D:\liwenqin\Eclipse_8.1\TOC-U\C-Tek6000U\UV-RC-ReactController-TOC\Debug\eCek\Console\Port\Driver: [22]
    ConsoleUart.o                  280
    ----------------------------------------------------
    Total:                         280

D:\liwenqin\Eclipse_8.1\TOC-U\C-Tek6000U\UV-RC-ReactController-TOC\Debug\eCek\Console\Port\OS: [23]
    ConsoleScheduler.o             144        8        8
    ----------------------------------------------------
    Total:                         144        8        8

D:\liwenqin\Eclipse_8.1\TOC-U\C-Tek6000U\UV-RC-ReactController-TOC\Debug\eCek\Container: [24]
    Queue.o                        166
    ----------------------------------------------------
    Total:                         166

D:\liwenqin\Eclipse_8.1\TOC-U\C-Tek6000U\UV-RC-ReactController-TOC\Debug\eCek\DNCP\App: [25]
[...]
prvInitialiseTaskLists   0x802'2715    0x54  Code  Lc  tasks.o [2]
prvInsertTimerInActiveList
                         0x802'73a9    0x50  Code  Lc  timers.o [2]
prvIsQueueEmpty          0x802'8705    0x1c  Code  Lc  queue.o [2]
prvIsQueueFull           0x802'8721    0x1e  Code  Lc  queue.o [2]
prvListTaskWithinSingleList
                         0x802'2861    0xc6  Code  Lc  tasks.o [2]
prvProcessExpiredTimer   0x802'728d    0x5c  Code  Lc  timers.o [2]
prvProcessReceivedCommands
                         0x802'73f9    0xde  Code  Lc  timers.o [2]
prvProcessTimerOrBlockTask
                         0x802'7303    0x58  Code  Lc  timers.o [2]
prvResetNextTaskUnblockTime
                         0x802'294f    0x2a  Code  Lc  tasks.o [2]
prvSampleTimeNow         0x802'7383    0x26  Code  Lc  timers.o [2]
prvSampleTimeNow::xLastTime
                        0x2000'd6d8     0x4  Data  Lc  timers.o [2]
prvSwitchTimerLists      0x802'74d7    0x8c  Code  Lc  timers.o [2]
prvTaskCheckFreeStackSpace
                         0x802'2927    0x16  Code  Lc  tasks.o [2]
prvTaskExitError         0x802'6ec9    0x2a  Code  Lc  port.o [3]
prvTaskIsTaskSuspended   0x802'1fd3    0x3e  Code  Lc  tasks.o [2]
prvTimerTask             0x802'72e9    0x1a  Code  Lc  timers.o [2]
prvUnlockQueue           0x802'869f    0x66  Code  Lc  queue.o [2]
pvPortMalloc             0x802'75e5    0xc8  Code  Gb  heap_2.o [4]
pvPortMalloc::xHeapHasBeenInitialised
                        0x2000'd61c     0x4  Data  Lc  heap_2.o [4]
pvTaskIncrementMutexHeldCount
                         0x802'2aef    0x16  Code  Gb  tasks.o [2]
pxCurrentTCB            0x2000'd688     0x4  Data  Gb  tasks.o [2]
pxCurrentTimerList      0x2000'd6cc     0x4  Data  Lc  timers.o [2]
pxDelayedTaskList       0x2000'd68c     0x4  Data  Lc  tasks.o [2]
pxOverflowDelayedTaskList
                        0x2000'd690     0x4  Data  Lc  tasks.o [2]
pxOverflowTimerList     0x2000'd6d0     0x4  Data  Lc  timers.o [2]
pxPortInitialiseStack    0x802'6ea5    0x24  Code  Gb  port.o [3]
pxReadyTasksLists       0x2000'cf34    0xc8  Data  Lc  tasks.o [2]
pxTaskStatusArray       0x2000'c8d4   0x200  Data  Gb  System.o [9]
s_AD7791PolarMode       0x2000'002c     0x1  Data  Lc  AD7791Collect.o [11]
s_ADCData               0x2000'd2f4    0x50  Data  Lc  TempADCollect.o [12]
s_ADCdata               0x2000'd59c     0xc  Data  Lc  ADS131M02Driver.o [11]
s_InfoOutputHandle      0x2000'd5ec     0x4  Data  Lc  CmdLine.o [6]
s_InfoOutputMode        0x2000'd70f     0x1  Data  Lc  CmdLine.o [6]
s_LEDHandle             0x2000'd604     0x4  Data  Lc  DeviceIndicatorLED.o [9]
s_LaiRS485              0x2000'd620     0x4  Data  Lc  LaiRS485Handler.o [28]
s_RxBuffer              0x2000'd5a8     0x8  Data  Lc  ExTMCConfigDriver.o [10]
s_RxBuffer              0x2000'd5c8     0x8  Data  Lc  ReTMCConfigDriver.o [10]
s_RxBuffer              0x2000'd5d8     0x8  Data  Lc  TMCConfigDriver.o [10]
s_SemapDscpDevice       0x2000'd608     0x4  Data  Lc  DscpDevice.o [25]
s_SemapLaiRS485SendRequest
                        0x2000'd630     0x4  Data  Lc  LaiRS485Scheduler.o [30]
s_SemaphLaiRS485CommitToUpper
                        0x2000'd634     0x4  Data  Lc  LaiRS485Scheduler.o [30]
s_TemperatureReportPeriod
                        0x2000'0010     0x4  Data  Lc  ThermostatManager.o [18]
s_TxBuffer              0x2000'd5b0     0x8  Data  Lc  ExTMCConfigDriver.o [10]
s_TxBuffer              0x2000'd5d0     0x8  Data  Lc  ReTMCConfigDriver.o [10]
s_TxBuffer              0x2000'd5e0     0x8  Data  Lc  TMCConfigDriver.o [10]
s_TxBufferHead          0x2000'd716     0x1  Data  Lc  ExTMCConfigDriver.o [10]
s_TxBufferHead          0x2000'd71e     0x1  Data  Lc  ReTMCConfigDriver.o [10]
s_TxBufferHead          0x2000'd724     0x1  Data  Lc  TMCConfigDriver.o [10]
s_TxBufferLen           0x2000'd717     0x1  Data  Lc  ExTMCConfigDriver.o [10]
s_TxBufferLen           0x2000'd71f     0x1  Data  Lc  ReTMCConfigDriver.o [10]
s_TxBufferLen           0x2000'd725     0x1  Data  Lc  TMCConfigDriver.o [10]
s_ad5175                0x2000'd488    0x18  Data  Lc  OpticalControl.o [15]
s_ad7791                0x2000'd23c    0x60  Data  Lc  OpticalControl.o [15]
s_alreadyTime           0x2000'd600     0x4  Data  Lc  DeviceIndicatorLED.o [9]
s_bufLine               0x2000'd13c    0x80  Data  Lc  Console.o [21]
s_bufLines              0x2000'bc70   0x500  Data  Lc  Console.o [21]
s_bufRx                 0x2000'd0bc    0x80  Data  Lc  Console.o [21]
s_bufTx                 0x2000'cad4   0x200  Data  Lc  UartConsoleDriver.o [21]
s_consoleEvent          0x2000'd710     0x1  Data  Lc  Console.o [21]
s_curState              0x2000'd71c     0x1  Data  Lc  PwmDriver.o [12]
s_curTime               0x2000'd702     0x2  Data  Lc  PwmDriver.o [12]
s_debugAD               0x2000'd723     0x1  Data  Gb  TempCollecter.o [12]
s_device                0x2000'd678     0x4  Data  Lc  PwmDriver.o [12]
s_downFan               0x2000'0026     0x2  Data  Lc  BoxFanDriver.o [12]
s_downFanState          0x2000'002e     0x1  Data  Lc  BoxFanDriver.o [12]
s_dscpDevice            0x2000'c6cc   0x208  Data  Lc  DncpStack.o [8]
s_dscpDevice            0x2000'd610     0x4  Data  Lc  DscpScheduler.o [26]
s_duration              0x2000'd5fc     0x4  Data  Lc  DeviceIndicatorLED.o [9]
s_eraseHandle           0x2000'd6ec     0x4  Data  Lc  UpdateHandle.o [7]
s_eraseStatus           0x2000'd72c     0x1  Data  Lc  UpdateHandle.o [7]
s_escStatus             0x2000'd712     0x1  Data  Gb  Console.o [21]
s_exCurState            0x2000'd71d     0x1  Data  Lc  PwmDriver.o [12]
s_exCurTime             0x2000'd706     0x2  Data  Lc  PwmDriver.o [12]
s_exDevice              0x2000'd680     0x4  Data  Lc  PwmDriver.o [12]
s_exOffTime             0x2000'002a     0x2  Data  Lc  PwmDriver.o [12]
s_exOnTime              0x2000'd704     0x2  Data  Lc  PwmDriver.o [12]
s_fifoTx                0x2000'd58c    0x10  Data  Lc  UartConsoleDriver.o [21]
s_fileHead              0x2000'd6e8     0x4  Data  Lc  UpdateHandle.o [7]
s_flashSector            0x803'379c    0x30  Data  Lc  McuFlash.o [9]
s_flashSector            0x803'382c    0x30  Data  Lc  UpdateDriver.o [9]
s_flashSectorAddr        0x803'26d8    0x64  Data  Lc  McuFlash.o [9]
s_flashSectorAddr        0x803'273c    0x64  Data  Lc  UpdateDriver.o [9]
s_getInfoTime           0x2000'd6f8     0x2  Data  Lc  CmdLine.o [6]
s_idxCurLine            0x2000'd713     0x1  Data  Lc  Console.o [21]
s_idxViewLine           0x2000'd714     0x1  Data  Lc  Console.o [21]
s_idxWriteRx            0x2000'd5f0     0x4  Data  Lc  Console.o [21]
s_isBoxFanDownOpen      0x2000'd70e     0x1  Data  Lc  BoxFanDriver.o [12]
s_isBoxFanUpOpen        0x2000'd70d     0x1  Data  Lc  BoxFanDriver.o [12]
s_isSendEvent           0x2000'd72b     0x1  Data  Lc  UpdateHandle.o [7]
s_isTimeOutJudge        0x2000'd715     0x1  Data  Lc  DeviceIndicatorLED.o [9]
s_kCommInterface         0x803'5c80     0xc  Data  Lc  Dslp.o [31]
s_kCommInterface         0x803'6070     0x8  Data  Lc  Trp.o [32]
s_kDscpCmdTable          0x803'20a0   0x148  Data  Lc  DevCmdTable.o [8]
s_kDscpInterfaceVersion
                         0x803'60a0     0x4  Data  Lc  DevCmdTable.o [8]
s_kFanDownTempCalculateParam
                         0x803'5d58     0xc  Data  Lc  TempCollecterMap.o [12]
s_kFanUpTempCalculateParam
                         0x803'5d4c     0xc  Data  Lc  TempCollecterMap.o [12]
s_kHexCharTable          0x803'609c     0x4  Data  Lc  Console.o [21]
s_kLayerFieldMaskTable   0x803'596c    0x10  Data  Lc  NetPack.o [32]
s_kLayerFieldShiftsTable
                         0x803'60a4     0x4  Data  Lc  NetPack.o [32]
s_kSoftwareVersion       0x803'60ac     0x4  Data  Lc  VersionInfo.o [14]
s_kmanuf                 0x803'2800    0x60  Data  Lc  DeviceInfo.o [8]
s_laiDeviceUp           0x2000'c170   0x33c  Data  Lc  DncpStack.o [8]
s_lastChar              0x2000'd711     0x1  Data  Lc  Console.o [21]
s_llDeviceUp            0x2000'ce64    0xd0  Data  Lc  DncpStack.o [8]
s_mode                  0x2000'd729     0x1  Data  Lc  UartConsoleDriver.o [21]
s_netDevice             0x2000'd3d4    0x3c  Data  Lc  DncpStack.o [8]
s_offTime               0x2000'd6fc     0x2  Data  Lc  DeviceIndicatorLED.o [9]
s_offTime               0x2000'0028     0x2  Data  Lc  PwmDriver.o [12]
s_offsetAddr            0x2000'd6e4     0x4  Data  Lc  UpdateHandle.o [7]
s_onTime                0x2000'd6fa     0x2  Data  Lc  DeviceIndicatorLED.o [9]
s_onTime                0x2000'd700     0x2  Data  Lc  PwmDriver.o [12]
s_opticalControl        0x2000'd29c    0x58  Data  Lc  OpticalControl.o [15]
s_pumpEvents            0x2000'd440    0x24  Data  Lc  PumpEventScheduler.o [16]
s_reportHandle          0x2000'd6c4     0x4  Data  Lc  ThermostatManager.o [18]
s_runMode               0x2000'd72a     0x1  Data  Lc  UpdateHandle.o [7]
s_semDslp               0x2000'd614     0x4  Data  Lc  Dslp.o [31]
s_semScheduler          0x2000'd60c     0x4  Data  Lc  DscpScheduler.o [26]
s_semTrp                0x2000'd6e0     0x4  Data  Lc  Trp.o [32]
s_semaphore             0x2000'd5f4     0x4  Data  Lc  ConsoleScheduler.o [23]
s_seq                   0x2000'd70a     0x2  Data  Lc  UpdateHandle.o [7]
s_softwarelabel          0x803'2ef4    0x40  Data  Lc  VersionInfo.o [14]
s_statetimer            0x2000'd708     0x2  Data  Lc  System.o [9]
s_tabCrc16CCITT          0x803'17ac   0x200  Data  Lc  MessageDigest.o [19]
s_tempCollecter         0x2000'd344    0x50  Data  Gb  TempCollecterManager.o [18]
s_thermostatDevice      0x2000'd1bc    0x80  Data  Gb  ThermostatDeviceManager.o [18]
s_thermostats           0x2000'c4ac   0x220  Data  Gb  ThermostatManager.o [18]
s_timerAObj             0x2000'd65c     0x4  Data  Lc  PumpTimer.o [10]
s_timerBObj             0x2000'd660     0x4  Data  Lc  PumpTimer.o [10]
s_timerCObj             0x2000'd664     0x4  Data  Lc  PumpTimer.o [10]
s_timerDObj             0x2000'd668     0x4  Data  Lc  PumpTimer.o [10]
s_timerEObj             0x2000'd66c     0x4  Data  Lc  PumpTimer.o [10]
s_timerFObj             0x2000'd670     0x4  Data  Lc  PumpTimer.o [10]
s_times                 0x2000'd6fe     0x2  Data  Lc  DeviceIndicatorLED.o [9]
s_upFan                 0x2000'0024     0x2  Data  Lc  BoxFanDriver.o [12]
s_upFanState            0x2000'002d     0x1  Data  Lc  BoxFanDriver.o [12]
s_valves                0x2000'd4a0    0x18  Data  Lc  ValveManager.o [17]
s_valvesNormalOpen      0x2000'd6f0     0x4  Data  Lc  ValveManager.o [17]
scalbln                  0x802'f7c9          Code  Gb  ldexp.o [36]
scalblnl                 0x802'f7c9          Code  Gb  ldexp.o [36]
scalbn                   0x802'f7c9          Code  Gb  ldexp.o [36]
scalbnl                  0x802'f7c9          Code  Gb  ldexp.o [36]
sec_hand                0x2000'd6f4     0x4  Data  Lc  xfail_s.o [35]
sprintf                  0x802'9fb1    0x40  Code  Gb  sprintf.o [35]
strchr                   0x802'ffe9          Code  Gb  strchr.o [37]
strcmp                   0x802'1cb5          Code  Gb  strcmp.o [37]
strcpy                   0x802'6b05          Code  Gb  strcpy.o [37]
strlen                   0x802'95a1          Code  Gb  strlen.o [37]
tempBuffer              0x2000'ccd4   0x190  Data  Lc  McuFlash.o [9]
tempData                0x2000'd56c    0x10  Data  Lc  ADS131M02Driver.o [11]
ucHeap                  0x2000'0030  0xb400  Data  Lc  heap_2.o [4]
ucMaxSysCallPriority    0x2000'd71b     0x1  Data  Lc  port.o [3]
ulMaxPRIGROUPValue      0x2000'd640     0x4  Data  Lc  port.o [3]
ulTaskSwitchedInTime    0x2000'd6bc     0x4  Data  Lc  tasks.o [2]
ulTotalRunTime          0x2000'd6c0     0x4  Data  Lc  tasks.o [2]
uxCriticalNesting       0x2000'0004     0x4  Data  Lc  port.o [3]
uxCurrentNumberOfTasks  0x2000'd698     0x4  Data  Lc  tasks.o [2]
uxListRemove             0x802'714f    0x28  Code  Gb  list.o [2]
uxPendedTicks           0x2000'd6a8     0x4  Data  Lc  tasks.o [2]
uxSchedulerSuspended    0x2000'd6b8     0x4  Data  Lc  tasks.o [2]
uxTaskGetNumberOfTasks   0x802'21f5     0x6  Code  Gb  tasks.o [2]
uxTaskGetSystemState     0x802'21fb    0xac  Code  Gb  tasks.o [2]
uxTaskNumber            0x2000'd6b4     0x4  Data  Lc  tasks.o [2]
uxTasksDeleted          0x2000'd694     0x4  Data  Lc  tasks.o [2]
uxTopReadyPriority      0x2000'd6a0     0x4  Data  Lc  tasks.o [2]
vListInitialise          0x802'70dd    0x1e  Code  Gb  list.o [2]
vListInitialiseItem      0x802'70fb     0x6  Code  Gb  list.o [2]
vListInsert              0x802'7119    0x36  Code  Gb  list.o [2]
vListInsertEnd           0x802'7101    0x18  Code  Gb  list.o [2]
vPortEnableVFP           0x802'd949          Code  Gb  portasm.o [3]
vPortEnterCritical       0x802'6fa7    0x34  Code  Gb  port.o [3]
vPortExitCritical        0x802'6fdb    0x2c  Code  Gb  port.o [3]
vPortFree                0x802'76ad    0x3e  Code  Gb  heap_2.o [4]
vPortStartFirstTask      0x802'd931          Code  Gb  portasm.o [3]
vPortValidateInterruptPriority
                         0x802'7035    0x4e  Code  Gb  port.o [3]
vQueueAddToRegistry      0x802'873f    0x26  Code  Gb  queue.o [2]
vQueueWaitForMessageRestricted
                         0x802'876d    0x40  Code  Gb  queue.o [2]
vTaskDelay               0x802'1e8b    0x78  Code  Gb  tasks.o [2]
vTaskMissedYield         0x802'266d     0xa  Code  Gb  tasks.o [2]
vTaskPlaceOnEventList    0x802'2455    0x6a  Code  Gb  tasks.o [2]
vTaskPlaceOnEventListRestricted
                         0x802'24d5    0x58  Code  Gb  tasks.o [2]
vTaskPriorityInherit     0x802'2999    0x9a  Code  Gb  tasks.o [2]
vTaskResume              0x802'2011    0x82  Code  Gb  tasks.o [2]
vTaskSetTimeOutState     0x802'25bd    0x26  Code  Gb  tasks.o [2]
vTaskStartScheduler      0x802'2093    0x70  Code  Gb  tasks.o [2]
vTaskSuspend             0x802'1f03    0xd0  Code  Gb  tasks.o [2]
vTaskSuspendAll          0x802'2103     0xc  Code  Gb  tasks.o [2]
vTaskSwitchContext       0x802'23b3    0x98  Code  Gb  tasks.o [2]
xActiveTimerList1       0x2000'd544    0x14  Data  Lc  timers.o [2]
xActiveTimerList2       0x2000'd558    0x14  Data  Lc  timers.o [2]
xDelayedTaskList1       0x2000'd4b8    0x14  Data  Lc  tasks.o [2]
xDelayedTaskList2       0x2000'd4cc    0x14  Data  Lc  tasks.o [2]
xEnd                    0x2000'd5c0     0x8  Data  Lc  heap_2.o [4]
xFreeBytesRemaining     0x2000'0000     0x4  Data  Lc  heap_2.o [4]
xNextTaskUnblockTime    0x2000'000c     0x4  Data  Lc  tasks.o [2]
xNumOfOverflows         0x2000'd6b0     0x4  Data  Lc  tasks.o [2]
xPendingReadyList       0x2000'd4e0    0x14  Data  Lc  tasks.o [2]
xPortStartScheduler      0x802'6ef3    0xb4  Code  Gb  port.o [3]
xPortSysTickHandler      0x802'7007    0x2c  Code  Gb  port.o [3]
xQueueGenericCreate      0x802'8071    0x84  Code  Gb  queue.o [2]
xQueueGenericReceive     0x802'841d   0x1ac  Code  Gb  queue.o [2]
xQueueGenericReset       0x802'7fe1    0x90  Code  Gb  queue.o [2]
xQueueGenericSend        0x802'80f5   0x19e  Code  Gb  queue.o [2]
xQueueGenericSendFromISR
                         0x802'8293    0xd6  Code  Gb  queue.o [2]
xQueueGiveFromISR        0x802'8369    0xb4  Code  Gb  queue.o [2]
xQueueRegistry          0x2000'd394    0x40  Data  Gb  queue.o [2]
xSchedulerRunning       0x2000'd6a4     0x4  Data  Lc  tasks.o [2]
xStart                  0x2000'd5b8     0x8  Data  Lc  heap_2.o [4]
xSuspendedTaskList      0x2000'd508    0x14  Data  Lc  tasks.o [2]
xTaskCheckForTimeOut     0x802'25e3    0x82  Code  Gb  tasks.o [2]
xTaskGenericCreate       0x802'1d39   0x152  Code  Gb  tasks.o [2]
xTaskGetSchedulerState   0x802'2979    0x20  Code  Gb  tasks.o [2]
xTaskGetTickCount        0x802'21ed     0x8  Code  Gb  tasks.o [2]
xTaskIncrementTick       0x802'22a7   0x10c  Code  Gb  tasks.o [2]
xTaskPriorityDisinherit
                         0x802'2a3d    0xb2  Code  Gb  tasks.o [2]
xTaskRemoveFromEventList
                         0x802'2531    0x84  Code  Gb  tasks.o [2]
xTaskResumeAll           0x802'210f    0xde  Code  Gb  tasks.o [2]
xTasksWaitingTermination
                        0x2000'd4f4    0x14  Data  Lc  tasks.o [2]
xTickCount              0x2000'd69c     0x4  Data  Lc  tasks.o [2]
xTimerCreate             0x802'71c9    0x56  Code  Gb  timers.o [2]
xTimerCreateTimerTask    0x802'7179    0x50  Code  Gb  timers.o [2]
xTimerGenericCommand     0x802'721f    0x6e  Code  Gb  timers.o [2]
xTimerQueue             0x2000'd6d4     0x4  Data  Lc  timers.o [2]
xYieldPending           0x2000'd6ac     0x4  Data  Lc  tasks.o [2]


[1] = D:\liwenqin\Eclipse_8.1\TOC-U\C-Tek6000U\UV-RC-ReactController-TOC\Debug
[2] = D:\liwenqin\Eclipse_8.1\TOC-U\C-Tek6000U\UV-RC-ReactController-TOC\Debug\FreeRTOS
[3] = D:\liwenqin\Eclipse_8.1\TOC-U\C-Tek6000U\UV-RC-ReactController-TOC\Debug\FreeRTOS\portable\IAR\ARM_CM4F
[4] = D:\liwenqin\Eclipse_8.1\TOC-U\C-Tek6000U\UV-RC-ReactController-TOC\Debug\FreeRTOS\portable\MemMang
[5] = D:\liwenqin\Eclipse_8.1\TOC-U\C-Tek6000U\UV-RC-ReactController-TOC\Debug\Src
[6] = D:\liwenqin\Eclipse_8.1\TOC-U\C-Tek6000U\UV-RC-ReactController-TOC\Debug\Src\CmdLine
[7] = D:\liwenqin\Eclipse_8.1\TOC-U\C-Tek6000U\UV-RC-ReactController-TOC\Debug\Src\DeviceUpdate
[8] = D:\liwenqin\Eclipse_8.1\TOC-U\C-Tek6000U\UV-RC-ReactController-TOC\Debug\Src\DncpStack
[9] = D:\liwenqin\Eclipse_8.1\TOC-U\C-Tek6000U\UV-RC-ReactController-TOC\Debug\Src\Driver
[10] = D:\liwenqin\Eclipse_8.1\TOC-U\C-Tek6000U\UV-RC-ReactController-TOC\Debug\Src\Driver\LiquidDriver
[11] = D:\liwenqin\Eclipse_8.1\TOC-U\C-Tek6000U\UV-RC-ReactController-TOC\Debug\Src\Driver\OpticalDriver
[12] = D:\liwenqin\Eclipse_8.1\TOC-U\C-Tek6000U\UV-RC-ReactController-TOC\Debug\Src\Driver\TempDriver
[13] = D:\liwenqin\Eclipse_8.1\TOC-U\C-Tek6000U\UV-RC-ReactController-TOC\Debug\Src\Driver\UltraSignalDriver
[14] = D:\liwenqin\Eclipse_8.1\TOC-U\C-Tek6000U\UV-RC-ReactController-TOC\Debug\Src\Manufacture
[15] = D:\liwenqin\Eclipse_8.1\TOC-U\C-Tek6000U\UV-RC-ReactController-TOC\Debug\Src\OpticalControl
[16] = D:\liwenqin\Eclipse_8.1\TOC-U\C-Tek6000U\UV-RC-ReactController-TOC\Debug\Src\PeristalticPump
[17] = D:\liwenqin\Eclipse_8.1\TOC-U\C-Tek6000U\UV-RC-ReactController-TOC\Debug\Src\SolenoidValve
[18] = D:\liwenqin\Eclipse_8.1\TOC-U\C-Tek6000U\UV-RC-ReactController-TOC\Debug\Src\TemperatureControl
[19] = D:\liwenqin\Eclipse_8.1\TOC-U\C-Tek6000U\UV-RC-ReactController-TOC\Debug\eCek\Common
[20] = D:\liwenqin\Eclipse_8.1\TOC-U\C-Tek6000U\UV-RC-ReactController-TOC\Debug\eCek\Common\Port\OS
[21] = D:\liwenqin\Eclipse_8.1\TOC-U\C-Tek6000U\UV-RC-ReactController-TOC\Debug\eCek\Console
[22] = D:\liwenqin\Eclipse_8.1\TOC-U\C-Tek6000U\UV-RC-ReactController-TOC\Debug\eCek\Console\Port\Driver
[23] = D:\liwenqin\Eclipse_8.1\TOC-U\C-Tek6000U\UV-RC-ReactController-TOC\Debug\eCek\Console\Port\OS
[24] = D:\liwenqin\Eclipse_8.1\TOC-U\C-Tek6000U\UV-RC-ReactController-TOC\Debug\eCek\Container
[25] = D:\liwenqin\Eclipse_8.1\TOC-U\C-Tek6000U\UV-RC-ReactController-TOC\Debug\eCek\DNCP\App
[26] = D:\liwenqin\Eclipse_8.1\TOC-U\C-Tek6000U\UV-RC-ReactController-TOC\Debug\eCek\DNCP\App\OS
[27] = D:\liwenqin\Eclipse_8.1\TOC-U\C-Tek6000U\UV-RC-ReactController-TOC\Debug\eCek\DNCP\Base
[28] = D:\liwenqin\Eclipse_8.1\TOC-U\C-Tek6000U\UV-RC-ReactController-TOC\Debug\eCek\DNCP\Lai
[29] = D:\liwenqin\Eclipse_8.1\TOC-U\C-Tek6000U\UV-RC-ReactController-TOC\Debug\eCek\DNCP\Lai\Driver
[30] = D:\liwenqin\Eclipse_8.1\TOC-U\C-Tek6000U\UV-RC-ReactController-TOC\Debug\eCek\DNCP\Lai\OS
[31] = D:\liwenqin\Eclipse_8.1\TOC-U\C-Tek6000U\UV-RC-ReactController-TOC\Debug\eCek\DNCP\Ll
[32] = D:\liwenqin\Eclipse_8.1\TOC-U\C-Tek6000U\UV-RC-ReactController-TOC\Debug\eCek\DNCP\Net
[33] = D:\liwenqin\Eclipse_8.1\TOC-U\C-Tek6000U\UV-RC-ReactController-TOC\Debug\eCek\Tracer
[34] = STM32F4std_debug.a
[35] = dl7M_tln.a
[36] = m7M_tls.a
[37] = rt7M_tl.a
[38] = shb_l.a

  73 204 bytes of readonly  code memory
  17 388 bytes of readonly  data memory
  56 109 bytes of readwrite data memory

Errors: none
Warnings: none
